Archive member included to satisfy reference by file (symbol)

D:/arm-gnu-toolchain/bin/../lib/gcc/arm-none-eabi/14.2.1/thumb/v7-m/nofp\libgcc.a(unwind-arm.o)
                              CMakeFiles/chassis_minihero.elf.dir/user/MCUDriver/Usart.cpp.obj (__aeabi_unwind_cpp_pr0)
D:/arm-gnu-toolchain/bin/../lib/gcc/arm-none-eabi/14.2.1/thumb/v7-m/nofp\libgcc.a(libunwind.o)
                              D:/arm-gnu-toolchain/bin/../lib/gcc/arm-none-eabi/14.2.1/thumb/v7-m/nofp\libgcc.a(unwind-arm.o) (restore_core_regs)
D:/arm-gnu-toolchain/bin/../lib/gcc/arm-none-eabi/14.2.1/thumb/v7-m/nofp\libgcc.a(pr-support.o)
                              D:/arm-gnu-toolchain/bin/../lib/gcc/arm-none-eabi/14.2.1/thumb/v7-m/nofp\libgcc.a(unwind-arm.o) (__gnu_unwind_execute)
D:/arm-gnu-toolchain/bin/../lib/gcc/arm-none-eabi/14.2.1/thumb/v7-m/nofp\libg.a(libc_a-abort.o)
                              D:/arm-gnu-toolchain/bin/../lib/gcc/arm-none-eabi/14.2.1/thumb/v7-m/nofp\libgcc.a(unwind-arm.o) (abort)
D:/arm-gnu-toolchain/bin/../lib/gcc/arm-none-eabi/14.2.1/thumb/v7-m/nofp\libg.a(libc_a-exit.o)
                              D:/arm-gnu-toolchain/bin/../lib/gcc/arm-none-eabi/14.2.1/thumb/v7-m/nofp/crt0.o (exit)
D:/arm-gnu-toolchain/bin/../lib/gcc/arm-none-eabi/14.2.1/thumb/v7-m/nofp\libg.a(libc_a-findfp.o)
                              D:/arm-gnu-toolchain/bin/../lib/gcc/arm-none-eabi/14.2.1/thumb/v7-m/nofp\libg.a(libc_a-exit.o) (__stdio_exit_handler)
D:/arm-gnu-toolchain/bin/../lib/gcc/arm-none-eabi/14.2.1/thumb/v7-m/nofp\libg.a(libc_a-fwalk.o)
                              D:/arm-gnu-toolchain/bin/../lib/gcc/arm-none-eabi/14.2.1/thumb/v7-m/nofp\libg.a(libc_a-findfp.o) (_fwalk_sglue)
D:/arm-gnu-toolchain/bin/../lib/gcc/arm-none-eabi/14.2.1/thumb/v7-m/nofp\libg.a(libc_a-stdio.o)
                              D:/arm-gnu-toolchain/bin/../lib/gcc/arm-none-eabi/14.2.1/thumb/v7-m/nofp\libg.a(libc_a-findfp.o) (__sread)
D:/arm-gnu-toolchain/bin/../lib/gcc/arm-none-eabi/14.2.1/thumb/v7-m/nofp\libg.a(libc_a-memset.o)
                              D:/arm-gnu-toolchain/bin/../lib/gcc/arm-none-eabi/14.2.1/thumb/v7-m/nofp/crt0.o (memset)
D:/arm-gnu-toolchain/bin/../lib/gcc/arm-none-eabi/14.2.1/thumb/v7-m/nofp\libg.a(libc_a-signal.o)
                              D:/arm-gnu-toolchain/bin/../lib/gcc/arm-none-eabi/14.2.1/thumb/v7-m/nofp\libg.a(libc_a-abort.o) (raise)
D:/arm-gnu-toolchain/bin/../lib/gcc/arm-none-eabi/14.2.1/thumb/v7-m/nofp\libg.a(libc_a-closer.o)
                              D:/arm-gnu-toolchain/bin/../lib/gcc/arm-none-eabi/14.2.1/thumb/v7-m/nofp\libg.a(libc_a-stdio.o) (_close_r)
D:/arm-gnu-toolchain/bin/../lib/gcc/arm-none-eabi/14.2.1/thumb/v7-m/nofp\libg.a(libc_a-reent.o)
                              D:/arm-gnu-toolchain/bin/../lib/gcc/arm-none-eabi/14.2.1/thumb/v7-m/nofp\libg.a(libc_a-closer.o) (errno)
D:/arm-gnu-toolchain/bin/../lib/gcc/arm-none-eabi/14.2.1/thumb/v7-m/nofp\libg.a(libc_a-impure.o)
                              D:/arm-gnu-toolchain/bin/../lib/gcc/arm-none-eabi/14.2.1/thumb/v7-m/nofp\libg.a(libc_a-signal.o) (_impure_ptr)
D:/arm-gnu-toolchain/bin/../lib/gcc/arm-none-eabi/14.2.1/thumb/v7-m/nofp\libg.a(libc_a-lseekr.o)
                              D:/arm-gnu-toolchain/bin/../lib/gcc/arm-none-eabi/14.2.1/thumb/v7-m/nofp\libg.a(libc_a-stdio.o) (_lseek_r)
D:/arm-gnu-toolchain/bin/../lib/gcc/arm-none-eabi/14.2.1/thumb/v7-m/nofp\libg.a(libc_a-readr.o)
                              D:/arm-gnu-toolchain/bin/../lib/gcc/arm-none-eabi/14.2.1/thumb/v7-m/nofp\libg.a(libc_a-stdio.o) (_read_r)
D:/arm-gnu-toolchain/bin/../lib/gcc/arm-none-eabi/14.2.1/thumb/v7-m/nofp\libg.a(libc_a-signalr.o)
                              D:/arm-gnu-toolchain/bin/../lib/gcc/arm-none-eabi/14.2.1/thumb/v7-m/nofp\libg.a(libc_a-signal.o) (_kill_r)
D:/arm-gnu-toolchain/bin/../lib/gcc/arm-none-eabi/14.2.1/thumb/v7-m/nofp\libg.a(libc_a-writer.o)
                              D:/arm-gnu-toolchain/bin/../lib/gcc/arm-none-eabi/14.2.1/thumb/v7-m/nofp\libg.a(libc_a-stdio.o) (_write_r)
D:/arm-gnu-toolchain/bin/../lib/gcc/arm-none-eabi/14.2.1/thumb/v7-m/nofp\libg.a(libc_a-errno.o)
                              CMakeFiles/chassis_minihero.elf.dir/Core/Src/syscalls.c.obj (__errno)
D:/arm-gnu-toolchain/bin/../lib/gcc/arm-none-eabi/14.2.1/thumb/v7-m/nofp\libg.a(libc_a-init.o)
                              D:/arm-gnu-toolchain/bin/../lib/gcc/arm-none-eabi/14.2.1/thumb/v7-m/nofp/crt0.o (__libc_init_array)
D:/arm-gnu-toolchain/bin/../lib/gcc/arm-none-eabi/14.2.1/thumb/v7-m/nofp\libg.a(libc_a-lock.o)
                              D:/arm-gnu-toolchain/bin/../lib/gcc/arm-none-eabi/14.2.1/thumb/v7-m/nofp\libg.a(libc_a-findfp.o) (__retarget_lock_init_recursive)
D:/arm-gnu-toolchain/bin/../lib/gcc/arm-none-eabi/14.2.1/thumb/v7-m/nofp\libg.a(libc_a-memcpy.o)
                              D:/arm-gnu-toolchain/bin/../lib/gcc/arm-none-eabi/14.2.1/thumb/v7-m/nofp\libgcc.a(unwind-arm.o) (memcpy)
[...]
Memory Configuration

Name             Origin             Length             Attributes
RAM              0x20000000         0x00005000         xrw
FLASH            0x08000000         0x00010000         xr
*default*        0x00000000         0xffffffff

Linker script and memory map

LOAD D:/arm-gnu-toolchain/bin/../lib/gcc/arm-none-eabi/14.2.1/thumb/v7-m/nofp/crti.o
LOAD D:/arm-gnu-toolchain/bin/../lib/gcc/arm-none-eabi/14.2.1/thumb/v7-m/nofp/crtbegin.o
LOAD D:/arm-gnu-toolchain/bin/../lib/gcc/arm-none-eabi/14.2.1/thumb/v7-m/nofp/crt0.o
LOAD CMakeFiles/chassis_minihero.elf.dir/Core/Src/dma.c.obj
LOAD CMakeFiles/chassis_minihero.elf.dir/Core/Src/gpio.c.obj
LOAD CMakeFiles/chassis_minihero.elf.dir/Core/Src/main.c.obj
LOAD CMakeFiles/chassis_minihero.elf.dir/Core/Src/stm32f1xx_hal_msp.c.obj
LOAD CMakeFiles/chassis_minihero.elf.dir/Core/Src/stm32f1xx_it.c.obj
LOAD CMakeFiles/chassis_minihero.elf.dir/Core/Src/syscalls.c.obj
LOAD CMakeFiles/chassis_minihero.elf.dir/Core/Src/sysmem.c.obj
LOAD CMakeFiles/chassis_minihero.elf.dir/Core/Src/system_stm32f1xx.c.obj
LOAD CMakeFiles/chassis_minihero.elf.dir/Core/Src/tim.c.obj
LOAD CMakeFiles/chassis_minihero.elf.dir/Core/Src/usart.c.obj
LOAD CMakeFiles/chassis_minihero.elf.dir/Core/Startup/startup_stm32f103c8tx.s.obj
LOAD CMakeFiles/chassis_minihero.elf.dir/Drivers/STM32F1xx_HAL_Driver/Src/stm32f1xx_hal.c.obj
LOAD CMakeFiles/chassis_minihero.elf.dir/Drivers/STM32F1xx_HAL_Driver/Src/stm32f1xx_hal_cortex.c.obj
LOAD CMakeFiles/chassis_minihero.elf.dir/Drivers/STM32F1xx_HAL_Driver/Src/stm32f1xx_hal_dma.c.obj
LOAD CMakeFiles/chassis_minihero.elf.dir/Drivers/STM32F1xx_HAL_Driver/Src/stm32f1xx_hal_exti.c.obj
LOAD CMakeFiles/chassis_minihero.elf.dir/Drivers/STM32F1xx_HAL_Driver/Src/stm32f1xx_hal_flash.c.obj
LOAD CMakeFiles/chassis_minihero.elf.dir/Drivers/STM32F1xx_HAL_Driver/Src/stm32f1xx_hal_flash_ex.c.obj
LOAD CMakeFiles/chassis_minihero.elf.dir/Drivers/STM32F1xx_HAL_Driver/Src/stm32f1xx_hal_gpio.c.obj
LOAD CMakeFiles/chassis_minihero.elf.dir/Drivers/STM32F1xx_HAL_Driver/Src/stm32f1xx_hal_gpio_ex.c.obj
LOAD CMakeFiles/chassis_minihero.elf.dir/Drivers/STM32F1xx_HAL_Driver/Src/stm32f1xx_hal_pwr.c.obj
LOAD CMakeFiles/chassis_minihero.elf.dir/Drivers/STM32F1xx_HAL_Driver/Src/stm32f1xx_hal_rcc.c.obj
LOAD CMakeFiles/chassis_minihero.elf.dir/Drivers/STM32F1xx_HAL_Driver/Src/stm32f1xx_hal_rcc_ex.c.obj
LOAD CMakeFiles/chassis_minihero.elf.dir/Drivers/STM32F1xx_HAL_Driver/Src/stm32f1xx_hal_tim.c.obj
LOAD CMakeFiles/chassis_minihero.elf.dir/Drivers/STM32F1xx_HAL_Driver/Src/stm32f1xx_hal_tim_ex.c.obj
LOAD CMakeFiles/chassis_minihero.elf.dir/Drivers/STM32F1xx_HAL_Driver/Src/stm32f1xx_hal_uart.c.obj
LOAD CMakeFiles/chassis_minihero.elf.dir/user/Framework/Chassis.cpp.obj
LOAD CMakeFiles/chassis_minihero.elf.dir/user/Framework/MotorC.cpp.obj
LOAD CMakeFiles/chassis_minihero.elf.dir/user/MCUDriver/Usart.cpp.obj
LOAD CMakeFiles/chassis_minihero.elf.dir/user/Task/main.cpp.obj
LOAD D:/arm-gnu-toolchain/bin/../lib/gcc/arm-none-eabi/14.2.1/thumb/v7-m/nofp\libstdc++.a
LOAD D:/arm-gnu-toolchain/bin/../lib/gcc/arm-none-eabi/14.2.1/thumb/v7-m/nofp\libm.a
START GROUP
LOAD D:/arm-gnu-toolchain/bin/../lib/gcc/arm-none-eabi/14.2.1/thumb/v7-m/nofp\libgcc.a
LOAD D:/arm-gnu-toolchain/bin/../lib/gcc/arm-none-eabi/14.2.1/thumb/v7-m/nofp\libg.a
LOAD D:/arm-gnu-toolchain/bin/../lib/gcc/arm-none-eabi/14.2.1/thumb/v7-m/nofp\libc.a
END GROUP
LOAD D:/arm-gnu-toolchain/bin/../lib/gcc/arm-none-eabi/14.2.1/thumb/v7-m/nofp/crtend.o
LOAD D:/arm-gnu-toolchain/bin/../lib/gcc/arm-none-eabi/14.2.1/thumb/v7-m/nofp/crtn.o
                0x20005000                        _estack = (ORIGIN (RAM) + LENGTH (RAM))
                0x00000200                        _Min_Heap_Size = 0x200
                0x00000400                        _Min_Stack_Size = 0x400

.isr_vector     0x08000000      0x10c
                0x08000000                        . = ALIGN (0x4)
 *(.isr_vector)
 .isr_vector    0x08000000      0x10c CMakeFiles/chassis_minihero.elf.dir/Core/Startup/startup_stm32f103c8tx.s.obj
                0x08000000                g_pfnVectors
                0x0800010c                        . = ALIGN (0x4)

.text           0x0800010c     0x39bc
                0x0800010c                        . = ALIGN (0x4)
 *(.text)
 .text          0x0800010c      0x1ac D:/arm-gnu-toolchain/bin/../lib/gcc/arm-none-eabi/14.2.1/thumb/v7-m/nofp\libgcc.a(libunwind.o)
                0x0800010c                __restore_core_regs
                0x0800010c                restore_core_regs
                0x08000124                __gnu_Unwind_Restore_VFP
                0x0800012c                __gnu_Unwind_Save_VFP
                0x08000134                __gnu_Unwind_Restore_VFP_D
                0x0800013c                __gnu_Unwind_Save_VFP_D
                0x08000144                __gnu_Unwind_Restore_VFP_D_16_to_31
                0x0800014c                __gnu_Unwind_Save_VFP_D_16_to_31
                0x08000154                __gnu_Unwind_Restore_WMMXD
                0x08000198                __gnu_Unwind_Save_WMMXD
                0x080001dc                __gnu_Unwind_Restore_WMMXC
                0x080001f0                __gnu_Unwind_Save_WMMXC
                0x08000204                ___Unwind_RaiseException
                0x08000204                _Unwind_RaiseException
                0x08000228                _Unwind_Resume
                0x08000228                ___Unwind_Resume
                0x0800024c                _Unwind_Resume_or_Rethrow
                0x0800024c                ___Unwind_Resume_or_Rethrow
                0x08000270                _Unwind_ForcedUnwind
                0x08000270                ___Unwind_ForcedUnwind
                0x08000294                ___Unwind_Backtrace
                0x08000294                _Unwind_Backtrace
 .text          0x080002b8       0xec D:/arm-gnu-toolchain/bin/../lib/gcc/arm-none-eabi/14.2.1/thumb/v7-m/nofp\libg.a(libc_a-memcpy.o)
                0x080002b8                memcpy
 *(.text*)
 .text.deregister_tm_clones
                0x080003a4       0x1c D:/arm-gnu-toolchain/bin/../lib/gcc/arm-none-eabi/14.2.1/thumb/v7-m/nofp/crtbegin.o
 .text.register_tm_clones
                0x080003c0       0x24 D:/arm-gnu-toolchain/bin/../lib/gcc/arm-none-eabi/14.2.1/thumb/v7-m/nofp/crtbegin.o
 .text.__do_global_dtors_aux
                0x080003e4       0x28 D:/arm-gnu-toolchain/bin/../lib/gcc/arm-none-eabi/14.2.1/thumb/v7-m/nofp/crtbegin.o
 .text.frame_dummy
                0x0800040c       0x24 D:/arm-gnu-toolchain/bin/../lib/gcc/arm-none-eabi/14.2.1/thumb/v7-m/nofp/crtbegin.o
 .text.MX_DMA_Init
                0x08000430       0x44 CMakeFiles/chassis_minihero.elf.dir/Core/Src/dma.c.obj
                0x08000430                MX_DMA_Init
 .text.MX_GPIO_Init
                0x08000474       0xe8 CMakeFiles/chassis_minihero.elf.dir/Core/Src/gpio.c.obj
                0x08000474                MX_GPIO_Init
 .text.Error_Handler
                0x0800055c        0x4 CMakeFiles/chassis_minihero.elf.dir/Core/Src/main.c.obj
                0x0800055c                Error_Handler
 .text.SystemClock_Config
                0x08000560       0x64 CMakeFiles/chassis_minihero.elf.dir/Core/Src/main.c.obj
                0x08000560                SystemClock_Config
 .text.HAL_MspInit
                0x080005c4       0x44 CMakeFiles/chassis_minihero.elf.dir/Core/Src/stm32f1xx_hal_msp.c.obj
                0x080005c4                HAL_MspInit
 .text.NMI_Handler
                0x08000608        0x2 CMakeFiles/chassis_minihero.elf.dir/Core/Src/stm32f1xx_it.c.obj
                0x08000608                NMI_Handler
 .text.HardFault_Handler
                0x0800060a        0x2 CMakeFiles/chassis_minihero.elf.dir/Core/Src/stm32f1xx_it.c.obj
                0x0800060a                HardFault_Handler
 .text.MemManage_Handler
                0x0800060c        0x2 CMakeFiles/chassis_minihero.elf.dir/Core/Src/stm32f1xx_it.c.obj
                0x0800060c                MemManage_Handler
 .text.BusFault_Handler
                0x0800060e        0x2 CMakeFiles/chassis_minihero.elf.dir/Core/Src/stm32f1xx_it.c.obj
                0x0800060e                BusFault_Handler
 .text.UsageFault_Handler
                0x08000610        0x2 CMakeFiles/chassis_minihero.elf.dir/Core/Src/stm32f1xx_it.c.obj
                0x08000610                UsageFault_Handler
 .text.SVC_Handler
                0x08000612        0x2 CMakeFiles/chassis_minihero.elf.dir/Core/Src/stm32f1xx_it.c.obj
                0x08000612                SVC_Handler
 .text.DebugMon_Handler
                0x08000614        0x2 CMakeFiles/chassis_minihero.elf.dir/Core/Src/stm32f1xx_it.c.obj
                0x08000614                DebugMon_Handler
 .text.PendSV_Handler
                0x08000616        0x2 CMakeFiles/chassis_minihero.elf.dir/Core/Src/stm32f1xx_it.c.obj
                0x08000616                PendSV_Handler
 .text.SysTick_Handler
                0x08000618        0x8 CMakeFiles/chassis_minihero.elf.dir/Core/Src/stm32f1xx_it.c.obj
                0x08000618                SysTick_Handler
 .text.DMA1_Channel6_IRQHandler
                0x08000620       0x10 CMakeFiles/chassis_minihero.elf.dir/Core/Src/stm32f1xx_it.c.obj
                0x08000620                DMA1_Channel6_IRQHandler
 .text.DMA1_Channel7_IRQHandler
                0x08000630       0x10 CMakeFiles/chassis_minihero.elf.dir/Core/Src/stm32f1xx_it.c.obj
                0x08000630                DMA1_Channel7_IRQHandler
 .text.USART2_IRQHandler
                0x08000640       0x10 CMakeFiles/chassis_minihero.elf.dir/Core/Src/stm32f1xx_it.c.obj
                0x08000640                USART2_IRQHandler
 .text.EXTI15_10_IRQHandler
                0x08000650       0x14 CMakeFiles/chassis_minihero.elf.dir/Core/Src/stm32f1xx_it.c.obj
                0x08000650                EXTI15_10_IRQHandler
 .text._getpid  0x08000664        0x4 CMakeFiles/chassis_minihero.elf.dir/Core/Src/syscalls.c.obj
                0x08000664                _getpid
 .text._kill    0x08000668       0x10 CMakeFiles/chassis_minihero.elf.dir/Core/Src/syscalls.c.obj
                0x08000668                _kill
 .text._exit    0x08000678        0xc CMakeFiles/chassis_minihero.elf.dir/Core/Src/syscalls.c.obj
                0x08000678                _exit
 .text.SystemInit
                0x08000684        0x2 CMakeFiles/chassis_minihero.elf.dir/Core/Src/system_stm32f1xx.c.obj
                0x08000684                SystemInit
 *fill*         0x08000686        0x2 
 .text.HAL_TIM_Base_MspInit
                0x08000688       0x88 CMakeFiles/chassis_minihero.elf.dir/Core/Src/tim.c.obj
                0x08000688                HAL_TIM_Base_MspInit
 .text.HAL_TIM_MspPostInit
                0x08000710      0x100 CMakeFiles/chassis_minihero.elf.dir/Core/Src/tim.c.obj
                0x08000710                HAL_TIM_MspPostInit
 .text.MX_TIM1_Init
                0x08000810       0xe4 CMakeFiles/chassis_minihero.elf.dir/Core/Src/tim.c.obj
                0x08000810                MX_TIM1_Init
 .text.MX_TIM2_Init
                0x080008f4       0xa8 CMakeFiles/chassis_minihero.elf.dir/Core/Src/tim.c.obj
                0x080008f4                MX_TIM2_Init
 .text.MX_TIM3_Init
                0x0800099c       0xac CMakeFiles/chassis_minihero.elf.dir/Core/Src/tim.c.obj
                0x0800099c                MX_TIM3_Init
 .text.MX_TIM4_Init
                0x08000a48       0xac CMakeFiles/chassis_minihero.elf.dir/Core/Src/tim.c.obj
                0x08000a48                MX_TIM4_Init
 .text.MX_USART2_UART_Init
                0x08000af4       0x34 CMakeFiles/chassis_minihero.elf.dir/Core/Src/usart.c.obj
                0x08000af4                MX_USART2_UART_Init
 .text.HAL_UART_MspInit
                0x08000b28       0xec CMakeFiles/chassis_minihero.elf.dir/Core/Src/usart.c.obj
                0x08000b28                HAL_UART_MspInit
 .text.Reset_Handler
                0x08000c14       0x48 CMakeFiles/chassis_minihero.elf.dir/Core/Startup/startup_stm32f103c8tx.s.obj
                0x08000c14                Reset_Handler
 .text.Default_Handler
                0x08000c5c        0x2 CMakeFiles/chassis_minihero.elf.dir/Core/Startup/startup_stm32f103c8tx.s.obj
                0x08000c5c                RTC_Alarm_IRQHandler
                0x08000c5c                EXTI2_IRQHandler
                0x08000c5c                TIM1_CC_IRQHandler
                0x08000c5c                PVD_IRQHandler
                0x08000c5c                EXTI3_IRQHandler
                0x08000c5c                EXTI0_IRQHandler
                0x08000c5c                I2C2_EV_IRQHandler
                0x08000c5c                ADC1_2_IRQHandler
                0x08000c5c                SPI1_IRQHandler
                0x08000c5c                TAMPER_IRQHandler
                0x08000c5c                DMA1_Channel4_IRQHandler
                0x08000c5c                USART3_IRQHandler
                0x08000c5c                RTC_IRQHandler
                0x08000c5c                CAN1_RX1_IRQHandler
                0x08000c5c                TIM4_IRQHandler
                0x08000c5c                I2C1_EV_IRQHandler
                0x08000c5c                TIM3_IRQHandler
                0x08000c5c                RCC_IRQHandler
                0x08000c5c                TIM1_TRG_COM_IRQHandler
                0x08000c5c                DMA1_Channel1_IRQHandler
                0x08000c5c                Default_Handler
                0x08000c5c                EXTI9_5_IRQHandler
                0x08000c5c                SPI2_IRQHandler
                0x08000c5c                DMA1_Channel5_IRQHandler
                0x08000c5c                EXTI4_IRQHandler
                0x08000c5c                USB_LP_CAN1_RX0_IRQHandler
                0x08000c5c                USB_HP_CAN1_TX_IRQHandler
                0x08000c5c                DMA1_Channel3_IRQHandler
                0x08000c5c                TIM1_UP_IRQHandler
                0x08000c5c                WWDG_IRQHandler
                0x08000c5c                TIM2_IRQHandler
                0x08000c5c                TIM1_BRK_IRQHandler
                0x08000c5c                EXTI1_IRQHandler
                0x08000c5c                I2C2_ER_IRQHandler
                0x08000c5c                DMA1_Channel2_IRQHandler
                0x08000c5c                CAN1_SCE_IRQHandler
                0x08000c5c                FLASH_IRQHandler
                0x08000c5c                USART1_IRQHandler
                0x08000c5c                I2C1_ER_IRQHandler
                0x08000c5c                USBWakeUp_IRQHandler
 *fill*         0x08000c5e        0x2 
 .text.HAL_InitTick
                0x08000c60       0x4c CMakeFiles/chassis_minihero.elf.dir/Drivers/STM32F1xx_HAL_Driver/Src/stm32f1xx_hal.c.obj
                0x08000c60                HAL_InitTick
 .text.HAL_Init
                0x08000cac       0x24 CMakeFiles/chassis_minihero.elf.dir/Drivers/STM32F1xx_HAL_Driver/Src/stm32f1xx_hal.c.obj
                0x08000cac                HAL_Init
 .text.HAL_IncTick
                0x08000cd0       0x18 CMakeFiles/chassis_minihero.elf.dir/Drivers/STM32F1xx_HAL_Driver/Src/stm32f1xx_hal.c.obj
                0x08000cd0                HAL_IncTick
 .text.HAL_GetTick
                0x08000ce8        0xc CMakeFiles/chassis_minihero.elf.dir/Drivers/STM32F1xx_HAL_Driver/Src/stm32f1xx_hal.c.obj
                0x08000ce8                HAL_GetTick
 .text.__NVIC_SetPriority
                0x08000cf4       0x28 CMakeFiles/chassis_minihero.elf.dir/Drivers/STM32F1xx_HAL_Driver/Src/stm32f1xx_hal_cortex.c.obj
 .text.NVIC_EncodePriority
                0x08000d1c       0x3e CMakeFiles/chassis_minihero.elf.dir/Drivers/STM32F1xx_HAL_Driver/Src/stm32f1xx_hal_cortex.c.obj
 *fill*         0x08000d5a        0x2 
 .text.HAL_NVIC_SetPriorityGrouping
                0x08000d5c       0x24 CMakeFiles/chassis_minihero.elf.dir/Drivers/STM32F1xx_HAL_Driver/Src/stm32f1xx_hal_cortex.c.obj
                0x08000d5c                HAL_NVIC_SetPriorityGrouping
 .text.HAL_NVIC_SetPriority
                0x08000d80       0x20 CMakeFiles/chassis_minihero.elf.dir/Drivers/STM32F1xx_HAL_Driver/Src/stm32f1xx_hal_cortex.c.obj
                0x08000d80                HAL_NVIC_SetPriority
 .text.HAL_NVIC_EnableIRQ
                0x08000da0       0x1c CMakeFiles/chassis_minihero.elf.dir/Drivers/STM32F1xx_HAL_Driver/Src/stm32f1xx_hal_cortex.c.obj
                0x08000da0                HAL_NVIC_EnableIRQ
 .text.HAL_SYSTICK_Config
                0x08000dbc       0x28 CMakeFiles/chassis_minihero.elf.dir/Drivers/STM32F1xx_HAL_Driver/Src/stm32f1xx_hal_cortex.c.obj
                0x08000dbc                HAL_SYSTICK_Config
 .text.DMA_SetConfig
                0x08000de4       0x2c CMakeFiles/chassis_minihero.elf.dir/Drivers/STM32F1xx_HAL_Driver/Src/stm32f1xx_hal_dma.c.obj
 .text.HAL_DMA_Init
                0x08000e10       0x68 CMakeFiles/chassis_minihero.elf.dir/Drivers/STM32F1xx_HAL_Driver/Src/stm32f1xx_hal_dma.c.obj
                0x08000e10                HAL_DMA_Init
 .text.HAL_DMA_Start_IT
                0x08000e78       0x74 CMakeFiles/chassis_minihero.elf.dir/Drivers/STM32F1xx_HAL_Driver/Src/stm32f1xx_hal_dma.c.obj
                0x08000e78                HAL_DMA_Start_IT
 .text.HAL_DMA_Abort
                0x08000eec       0x44 CMakeFiles/chassis_minihero.elf.dir/Drivers/STM32F1xx_HAL_Driver/Src/stm32f1xx_hal_dma.c.obj
                0x08000eec                HAL_DMA_Abort
 .text.HAL_DMA_Abort_IT
                0x08000f30       0x98 CMakeFiles/chassis_minihero.elf.dir/Drivers/STM32F1xx_HAL_Driver/Src/stm32f1xx_hal_dma.c.obj
                0x08000f30                HAL_DMA_Abort_IT
 .text.HAL_DMA_IRQHandler
                0x08000fc8      0x144 CMakeFiles/chassis_minihero.elf.dir/Drivers/STM32F1xx_HAL_Driver/Src/stm32f1xx_hal_dma.c.obj
                0x08000fc8                HAL_DMA_IRQHandler
 .text.HAL_GPIO_Init
                0x0800110c      0x214 CMakeFiles/chassis_minihero.elf.dir/Drivers/STM32F1xx_HAL_Driver/Src/stm32f1xx_hal_gpio.c.obj
                0x0800110c                HAL_GPIO_Init
 .text.HAL_GPIO_ReadPin
                0x08001320        0xe CMakeFiles/chassis_minihero.elf.dir/Drivers/STM32F1xx_HAL_Driver/Src/stm32f1xx_hal_gpio.c.obj
                0x08001320                HAL_GPIO_ReadPin
 .text.HAL_GPIO_WritePin
                0x0800132e        0xc CMakeFiles/chassis_minihero.elf.dir/Drivers/STM32F1xx_HAL_Driver/Src/stm32f1xx_hal_gpio.c.obj
                0x0800132e                HAL_GPIO_WritePin
 *fill*         0x0800133a        0x2 
 .text.HAL_GPIO_EXTI_IRQHandler
                0x0800133c       0x1c CMakeFiles/chassis_minihero.elf.dir/Drivers/STM32F1xx_HAL_Driver/Src/stm32f1xx_hal_gpio.c.obj
                0x0800133c                HAL_GPIO_EXTI_IRQHandler
 .text.RCC_Delay
                0x08001358       0x2c CMakeFiles/chassis_minihero.elf.dir/Drivers/STM32F1xx_HAL_Driver/Src/stm32f1xx_hal_rcc.c.obj
 .text.HAL_RCC_OscConfig
                0x08001384      0x410 CMakeFiles/chassis_minihero.elf.dir/Drivers/STM32F1xx_HAL_Driver/Src/stm32f1xx_hal_rcc.c.obj
                0x08001384                HAL_RCC_OscConfig
 .text.HAL_RCC_GetSysClockFreq
                0x08001794       0x54 CMakeFiles/chassis_minihero.elf.dir/Drivers/STM32F1xx_HAL_Driver/Src/stm32f1xx_hal_rcc.c.obj
                0x08001794                HAL_RCC_GetSysClockFreq
 .text.HAL_RCC_ClockConfig
                0x080017e8      0x16c CMakeFiles/chassis_minihero.elf.dir/Drivers/STM32F1xx_HAL_Driver/Src/stm32f1xx_hal_rcc.c.obj
                0x080017e8                HAL_RCC_ClockConfig
 .text.HAL_RCC_GetHCLKFreq
                0x08001954        0xc CMakeFiles/chassis_minihero.elf.dir/Drivers/STM32F1xx_HAL_Driver/Src/stm32f1xx_hal_rcc.c.obj
                0x08001954                HAL_RCC_GetHCLKFreq
 .text.HAL_RCC_GetPCLK1Freq
                0x08001960       0x20 CMakeFiles/chassis_minihero.elf.dir/Drivers/STM32F1xx_HAL_Driver/Src/stm32f1xx_hal_rcc.c.obj
                0x08001960                HAL_RCC_GetPCLK1Freq
 .text.HAL_RCC_GetPCLK2Freq
                0x08001980       0x20 CMakeFiles/chassis_minihero.elf.dir/Drivers/STM32F1xx_HAL_Driver/Src/stm32f1xx_hal_rcc.c.obj
                0x08001980                HAL_RCC_GetPCLK2Freq
 .text.TIM_OC1_SetConfig
                0x080019a0       0x54 CMakeFiles/chassis_minihero.elf.dir/Drivers/STM32F1xx_HAL_Driver/Src/stm32f1xx_hal_tim.c.obj
 .text.TIM_OC3_SetConfig
                0x080019f4       0x5c CMakeFiles/chassis_minihero.elf.dir/Drivers/STM32F1xx_HAL_Driver/Src/stm32f1xx_hal_tim.c.obj
 .text.TIM_OC4_SetConfig
                0x08001a50       0x48 CMakeFiles/chassis_minihero.elf.dir/Drivers/STM32F1xx_HAL_Driver/Src/stm32f1xx_hal_tim.c.obj
 .text.TIM_TI1_ConfigInputStage
                0x08001a98       0x24 CMakeFiles/chassis_minihero.elf.dir/Drivers/STM32F1xx_HAL_Driver/Src/stm32f1xx_hal_tim.c.obj
 .text.TIM_TI2_ConfigInputStage
                0x08001abc       0x26 CMakeFiles/chassis_minihero.elf.dir/Drivers/STM32F1xx_HAL_Driver/Src/stm32f1xx_hal_tim.c.obj
 .text.TIM_ITRx_SetConfig
                0x08001ae2       0x10 CMakeFiles/chassis_minihero.elf.dir/Drivers/STM32F1xx_HAL_Driver/Src/stm32f1xx_hal_tim.c.obj
 .text.HAL_TIM_PWM_MspInit
                0x08001af2        0x2 CMakeFiles/chassis_minihero.elf.dir/Drivers/STM32F1xx_HAL_Driver/Src/stm32f1xx_hal_tim.c.obj
                0x08001af2                HAL_TIM_PWM_MspInit
 .text.TIM_Base_SetConfig
                0x08001af4       0x84 CMakeFiles/chassis_minihero.elf.dir/Drivers/STM32F1xx_HAL_Driver/Src/stm32f1xx_hal_tim.c.obj
                0x08001af4                TIM_Base_SetConfig
 .text.HAL_TIM_Base_Init
                0x08001b78       0x58 CMakeFiles/chassis_minihero.elf.dir/Drivers/STM32F1xx_HAL_Driver/Src/stm32f1xx_hal_tim.c.obj
                0x08001b78                HAL_TIM_Base_Init
 .text.HAL_TIM_PWM_Init
                0x08001bd0       0x58 CMakeFiles/chassis_minihero.elf.dir/Drivers/STM32F1xx_HAL_Driver/Src/stm32f1xx_hal_tim.c.obj
                0x08001bd0                HAL_TIM_PWM_Init
 .text.TIM_OC2_SetConfig
                0x08001c28       0x5c CMakeFiles/chassis_minihero.elf.dir/Drivers/STM32F1xx_HAL_Driver/Src/stm32f1xx_hal_tim.c.obj
                0x08001c28                TIM_OC2_SetConfig
 .text.HAL_TIM_PWM_ConfigChannel
                0x08001c84       0xdc CMakeFiles/chassis_minihero.elf.dir/Drivers/STM32F1xx_HAL_Driver/Src/stm32f1xx_hal_tim.c.obj
                0x08001c84                HAL_TIM_PWM_ConfigChannel
 .text.TIM_ETR_SetConfig
                0x08001d60       0x18 CMakeFiles/chassis_minihero.elf.dir/Drivers/STM32F1xx_HAL_Driver/Src/stm32f1xx_hal_tim.c.obj
                0x08001d60                TIM_ETR_SetConfig
 .text.HAL_TIM_ConfigClockSource
                0x08001d78       0xfe CMakeFiles/chassis_minihero.elf.dir/Drivers/STM32F1xx_HAL_Driver/Src/stm32f1xx_hal_tim.c.obj
                0x08001d78                HAL_TIM_ConfigClockSource
 .text.TIM_CCxChannelCmd
                0x08001e76       0x1e CMakeFiles/chassis_minihero.elf.dir/Drivers/STM32F1xx_HAL_Driver/Src/stm32f1xx_hal_tim.c.obj
                0x08001e76                TIM_CCxChannelCmd
 .text.HAL_TIM_PWM_Start
                0x08001e94       0xd4 CMakeFiles/chassis_minihero.elf.dir/Drivers/STM32F1xx_HAL_Driver/Src/stm32f1xx_hal_tim.c.obj
                0x08001e94                HAL_TIM_PWM_Start
 .text.HAL_TIMEx_MasterConfigSynchronization
                0x08001f68       0x6c CMakeFiles/chassis_minihero.elf.dir/Drivers/STM32F1xx_HAL_Driver/Src/stm32f1xx_hal_tim_ex.c.obj
                0x08001f68                HAL_TIMEx_MasterConfigSynchronization
 .text.HAL_TIMEx_ConfigBreakDeadTime
                0x08001fd4       0x52 CMakeFiles/chassis_minihero.elf.dir/Drivers/STM32F1xx_HAL_Driver/Src/stm32f1xx_hal_tim_ex.c.obj
                0x08001fd4                HAL_TIMEx_ConfigBreakDeadTime
 .text.UART_EndTxTransfer
                0x08002026       0x20 CMakeFiles/chassis_minihero.elf.dir/Drivers/STM32F1xx_HAL_Driver/Src/stm32f1xx_hal_uart.c.obj
 .text.UART_EndRxTransfer
                0x08002046       0x5c CMakeFiles/chassis_minihero.elf.dir/Drivers/STM32F1xx_HAL_Driver/Src/stm32f1xx_hal_uart.c.obj
 .text.UART_Transmit_IT
                0x080020a2       0x5e CMakeFiles/chassis_minihero.elf.dir/Drivers/STM32F1xx_HAL_Driver/Src/stm32f1xx_hal_uart.c.obj
 .text.UART_SetConfig
                0x08002100       0x94 CMakeFiles/chassis_minihero.elf.dir/Drivers/STM32F1xx_HAL_Driver/Src/stm32f1xx_hal_uart.c.obj
 .text.HAL_UART_Init
                0x08002194       0x60 CMakeFiles/chassis_minihero.elf.dir/Drivers/STM32F1xx_HAL_Driver/Src/stm32f1xx_hal_uart.c.obj
                0x08002194                HAL_UART_Init
 .text.HAL_UART_TxCpltCallback
                0x080021f4        0x2 CMakeFiles/chassis_minihero.elf.dir/Drivers/STM32F1xx_HAL_Driver/Src/stm32f1xx_hal_uart.c.obj
                0x080021f4                HAL_UART_TxCpltCallback
 .text.UART_EndTransmit_IT
                0x080021f6       0x1a CMakeFiles/chassis_minihero.elf.dir/Drivers/STM32F1xx_HAL_Driver/Src/stm32f1xx_hal_uart.c.obj
 .text.HAL_UART_RxHalfCpltCallback
                0x08002210        0x2 CMakeFiles/chassis_minihero.elf.dir/Drivers/STM32F1xx_HAL_Driver/Src/stm32f1xx_hal_uart.c.obj
                0x08002210                HAL_UART_RxHalfCpltCallback
 .text.HAL_UART_ErrorCallback
                0x08002212        0x2 CMakeFiles/chassis_minihero.elf.dir/Drivers/STM32F1xx_HAL_Driver/Src/stm32f1xx_hal_uart.c.obj
                0x08002212                HAL_UART_ErrorCallback
 .text.UART_DMAError
                0x08002214       0x54 CMakeFiles/chassis_minihero.elf.dir/Drivers/STM32F1xx_HAL_Driver/Src/stm32f1xx_hal_uart.c.obj
 .text.UART_DMAAbortOnError
                0x08002268       0x10 CMakeFiles/chassis_minihero.elf.dir/Drivers/STM32F1xx_HAL_Driver/Src/stm32f1xx_hal_uart.c.obj
 .text.HAL_UARTEx_RxEventCallback
                0x08002278        0x2 CMakeFiles/chassis_minihero.elf.dir/Drivers/STM32F1xx_HAL_Driver/Src/stm32f1xx_hal_uart.c.obj
                0x08002278                HAL_UARTEx_RxEventCallback
 .text.UART_Receive_IT
                0x0800227a       0xe4 CMakeFiles/chassis_minihero.elf.dir/Drivers/STM32F1xx_HAL_Driver/Src/stm32f1xx_hal_uart.c.obj
 *fill*         0x0800235e        0x2 
 .text.HAL_UART_IRQHandler
                0x08002360      0x284 CMakeFiles/chassis_minihero.elf.dir/Drivers/STM32F1xx_HAL_Driver/Src/stm32f1xx_hal_uart.c.obj
                0x08002360                HAL_UART_IRQHandler
 .text.UART_DMARxHalfCplt
                0x080025e4       0x1e CMakeFiles/chassis_minihero.elf.dir/Drivers/STM32F1xx_HAL_Driver/Src/stm32f1xx_hal_uart.c.obj
 .text.UART_DMAReceiveCplt
                0x08002602       0x9a CMakeFiles/chassis_minihero.elf.dir/Drivers/STM32F1xx_HAL_Driver/Src/stm32f1xx_hal_uart.c.obj
 .text.UART_Start_Receive_DMA
                0x0800269c       0xa4 CMakeFiles/chassis_minihero.elf.dir/Drivers/STM32F1xx_HAL_Driver/Src/stm32f1xx_hal_uart.c.obj
                0x0800269c                UART_Start_Receive_DMA
 .text.HAL_UART_Receive_DMA
                0x08002740       0x24 CMakeFiles/chassis_minihero.elf.dir/Drivers/STM32F1xx_HAL_Driver/Src/stm32f1xx_hal_uart.c.obj
                0x08002740                HAL_UART_Receive_DMA
 .text._Z41__static_initialization_and_destruction_0v
                0x08002764       0x28 CMakeFiles/chassis_minihero.elf.dir/user/MCUDriver/Usart.cpp.obj
 .text._Z8PWM_Initv
                0x0800278c       0x34 CMakeFiles/chassis_minihero.elf.dir/user/MCUDriver/Usart.cpp.obj
                0x0800278c                PWM_Init()
 .text._Z13Direction_Setv
                0x080027c0       0xec CMakeFiles/chassis_minihero.elf.dir/user/MCUDriver/Usart.cpp.obj
                0x080027c0                Direction_Set()
 .text._Z16Set_AllDirectionbbbb
                0x080028ac       0x14 CMakeFiles/chassis_minihero.elf.dir/user/MCUDriver/Usart.cpp.obj
                0x080028ac                Set_AllDirection(bool, bool, bool, bool)
 .text._Z12Set_AllSpeedhhhh
                0x080028c0       0x14 CMakeFiles/chassis_minihero.elf.dir/user/MCUDriver/Usart.cpp.obj
                0x080028c0                Set_AllSpeed(unsigned char, unsigned char, unsigned char, unsigned char)
 .text._Z10PWM_Outputv
                0x080028d4       0x38 CMakeFiles/chassis_minihero.elf.dir/user/MCUDriver/Usart.cpp.obj
                0x080028d4                PWM_Output()
 .text.HAL_UART_RxCpltCallback
                0x0800290c       0x74 CMakeFiles/chassis_minihero.elf.dir/user/MCUDriver/Usart.cpp.obj
                0x0800290c                HAL_UART_RxCpltCallback
 .text.HAL_GPIO_EXTI_Callback
                0x08002980        0xc CMakeFiles/chassis_minihero.elf.dir/user/MCUDriver/Usart.cpp.obj
                0x08002980                HAL_GPIO_EXTI_Callback
 .text._Z9Motor_Setv
                0x0800298c        0xc CMakeFiles/chassis_minihero.elf.dir/user/MCUDriver/Usart.cpp.obj
                0x0800298c                Motor_Set()
 .text._Z13Motor_LineSeth
                0x08002998       0xb8 CMakeFiles/chassis_minihero.elf.dir/user/MCUDriver/Usart.cpp.obj
                0x08002998                Motor_LineSet(unsigned char)
 .text._GLOBAL__sub_I_ReceiveData
                0x08002a50        0x8 CMakeFiles/chassis_minihero.elf.dir/user/MCUDriver/Usart.cpp.obj
 .text._Z8BSP_Initv
                0x08002a58       0x40 CMakeFiles/chassis_minihero.elf.dir/user/Task/main.cpp.obj
                0x08002a58                BSP_Init()
 .text.main     0x08002a98       0x14 CMakeFiles/chassis_minihero.elf.dir/user/Task/main.cpp.obj
                0x08002a98                main
 .text.selfrel_offset31
                0x08002aac       0x14 D:/arm-gnu-toolchain/bin/../lib/gcc/arm-none-eabi/14.2.1/thumb/v7-m/nofp\libgcc.a(unwind-arm.o)
 .text.search_EIT_table
                0x08002ac0       0x64 D:/arm-gnu-toolchain/bin/../lib/gcc/arm-none-eabi/14.2.1/thumb/v7-m/nofp\libgcc.a(unwind-arm.o)
 .text.__gnu_unwind_get_pr_addr
                0x08002b24       0x28 D:/arm-gnu-toolchain/bin/../lib/gcc/arm-none-eabi/14.2.1/thumb/v7-m/nofp\libgcc.a(unwind-arm.o)
 .text.get_eit_entry
                0x08002b4c       0x98 D:/arm-gnu-toolchain/bin/../lib/gcc/arm-none-eabi/14.2.1/thumb/v7-m/nofp\libgcc.a(unwind-arm.o)
 .text.restore_non_core_regs
                0x08002be4       0x58 D:/arm-gnu-toolchain/bin/../lib/gcc/arm-none-eabi/14.2.1/thumb/v7-m/nofp\libgcc.a(unwind-arm.o)
 .text._Unwind_decode_typeinfo_ptr.constprop.0
                0x08002c3c        0xc D:/arm-gnu-toolchain/bin/../lib/gcc/arm-none-eabi/14.2.1/thumb/v7-m/nofp\libgcc.a(unwind-arm.o)
 .text._Unwind_DebugHook
                0x08002c48        0x4 D:/arm-gnu-toolchain/bin/../lib/gcc/arm-none-eabi/14.2.1/thumb/v7-m/nofp\libgcc.a(unwind-arm.o)
 .text.unwind_phase2
                0x08002c4c       0x40 D:/arm-gnu-toolchain/bin/../lib/gcc/arm-none-eabi/14.2.1/thumb/v7-m/nofp\libgcc.a(unwind-arm.o)
 .text.unwind_phase2_forced
                0x08002c8c       0xdc D:/arm-gnu-toolchain/bin/../lib/gcc/arm-none-eabi/14.2.1/thumb/v7-m/nofp\libgcc.a(unwind-arm.o)
 .text.__gnu_Unwind_RaiseException
                0x08002d68       0x6c D:/arm-gnu-toolchain/bin/../lib/gcc/arm-none-eabi/14.2.1/thumb/v7-m/nofp\libgcc.a(unwind-arm.o)
                0x08002d68                __gnu_Unwind_RaiseException
 .text.__gnu_Unwind_ForcedUnwind
                0x08002dd4       0x18 D:/arm-gnu-toolchain/bin/../lib/gcc/arm-none-eabi/14.2.1/thumb/v7-m/nofp\libgcc.a(unwind-arm.o)
                0x08002dd4                __gnu_Unwind_ForcedUnwind
 .text.__gnu_Unwind_Resume
                0x08002dec       0x44 D:/arm-gnu-toolchain/bin/../lib/gcc/arm-none-eabi/14.2.1/thumb/v7-m/nofp\libgcc.a(unwind-arm.o)
                0x08002dec                __gnu_Unwind_Resume
 .text.__gnu_Unwind_Resume_or_Rethrow
                0x08002e30       0x20 D:/arm-gnu-toolchain/bin/../lib/gcc/arm-none-eabi/14.2.1/thumb/v7-m/nofp\libgcc.a(unwind-arm.o)
                0x08002e30                __gnu_Unwind_Resume_or_Rethrow
 .text._Unwind_VRS_Get
                0x08002e50       0x34 D:/arm-gnu-toolchain/bin/../lib/gcc/arm-none-eabi/14.2.1/thumb/v7-m/nofp\libgcc.a(unwind-arm.o)
                0x08002e50                _Unwind_VRS_Get
 .text._Unwind_GetGR
                0x08002e84       0x1c D:/arm-gnu-toolchain/bin/../lib/gcc/arm-none-eabi/14.2.1/thumb/v7-m/nofp\libgcc.a(unwind-arm.o)
 .text._Unwind_VRS_Set
                0x08002ea0       0x34 D:/arm-gnu-toolchain/bin/../lib/gcc/arm-none-eabi/14.2.1/thumb/v7-m/nofp\libgcc.a(unwind-arm.o)
                0x08002ea0                _Unwind_VRS_Set
 .text._Unwind_SetGR
                0x08002ed4       0x18 D:/arm-gnu-toolchain/bin/../lib/gcc/arm-none-eabi/14.2.1/thumb/v7-m/nofp\libgcc.a(unwind-arm.o)
 .text.__gnu_Unwind_Backtrace
                0x08002eec       0x8c D:/arm-gnu-toolchain/bin/../lib/gcc/arm-none-eabi/14.2.1/thumb/v7-m/nofp\libgcc.a(unwind-arm.o)
                0x08002eec                __gnu_Unwind_Backtrace
 .text.__gnu_unwind_pr_common
                0x08002f78      0x2a8 D:/arm-gnu-toolchain/bin/../lib/gcc/arm-none-eabi/14.2.1/thumb/v7-m/nofp\libgcc.a(unwind-arm.o)
 .text.__aeabi_unwind_cpp_pr0
                0x08003220        0x8 D:/arm-gnu-toolchain/bin/../lib/gcc/arm-none-eabi/14.2.1/thumb/v7-m/nofp\libgcc.a(unwind-arm.o)
                0x08003220                __aeabi_unwind_cpp_pr0
 .text.__aeabi_unwind_cpp_pr1
                0x08003228        0x8 D:/arm-gnu-toolchain/bin/../lib/gcc/arm-none-eabi/14.2.1/thumb/v7-m/nofp\libgcc.a(unwind-arm.o)
                0x08003228                __aeabi_unwind_cpp_pr1
 .text.__aeabi_unwind_cpp_pr2
                0x08003230        0x8 D:/arm-gnu-toolchain/bin/../lib/gcc/arm-none-eabi/14.2.1/thumb/v7-m/nofp\libgcc.a(unwind-arm.o)
                0x08003230                __aeabi_unwind_cpp_pr2
 .text._Unwind_VRS_Pop
                0x08003238      0x2e4 D:/arm-gnu-toolchain/bin/../lib/gcc/arm-none-eabi/14.2.1/thumb/v7-m/nofp\libgcc.a(unwind-arm.o)
                0x08003238                _Unwind_VRS_Pop
 .text.next_unwind_byte
                0x0800351c       0x38 D:/arm-gnu-toolchain/bin/../lib/gcc/arm-none-eabi/14.2.1/thumb/v7-m/nofp\libgcc.a(pr-support.o)
 .text.__gnu_unwind_execute
                0x08003554      0x300 D:/arm-gnu-toolchain/bin/../lib/gcc/arm-none-eabi/14.2.1/thumb/v7-m/nofp\libgcc.a(pr-support.o)
                0x08003554                __gnu_unwind_execute
 .text.abort    0x08003854       0x10 D:/arm-gnu-toolchain/bin/../lib/gcc/arm-none-eabi/14.2.1/thumb/v7-m/nofp\libg.a(libc_a-abort.o)
                0x08003854                abort
 .text.memset   0x08003864       0x9c D:/arm-gnu-toolchain/bin/../lib/gcc/arm-none-eabi/14.2.1/thumb/v7-m/nofp\libg.a(libc_a-memset.o)
                0x08003864                memset
 .text.raise    0x08003900       0x58 D:/arm-gnu-toolchain/bin/../lib/gcc/arm-none-eabi/14.2.1/thumb/v7-m/nofp\libg.a(libc_a-signal.o)
                0x08003900                raise
 .text._kill_r  0x08003958       0x28 D:/arm-gnu-toolchain/bin/../lib/gcc/arm-none-eabi/14.2.1/thumb/v7-m/nofp\libg.a(libc_a-signalr.o)
                0x08003958                _kill_r
 .text._getpid_r
                0x08003980        0x4 D:/arm-gnu-toolchain/bin/../lib/gcc/arm-none-eabi/14.2.1/thumb/v7-m/nofp\libg.a(libc_a-signalr.o)
                0x08003980                _getpid_r
 .text.__errno  0x08003984        0xc D:/arm-gnu-toolchain/bin/../lib/gcc/arm-none-eabi/14.2.1/thumb/v7-m/nofp\libg.a(libc_a-errno.o)
                0x08003984                __errno
 .text.__libc_init_array
                0x08003990       0x50 D:/arm-gnu-toolchain/bin/../lib/gcc/arm-none-eabi/14.2.1/thumb/v7-m/nofp\libg.a(libc_a-init.o)
                0x08003990                __libc_init_array
 .text.__retarget_lock_acquire_recursive
                0x080039e0        0x4 D:/arm-gnu-toolchain/bin/../lib/gcc/arm-none-eabi/14.2.1/thumb/v7-m/nofp\libg.a(libc_a-lock.o)
                0x080039e0                __retarget_lock_acquire_recursive
 .text.__retarget_lock_release_recursive
                0x080039e4        0x4 D:/arm-gnu-toolchain/bin/../lib/gcc/arm-none-eabi/14.2.1/thumb/v7-m/nofp\libg.a(libc_a-lock.o)
                0x080039e4                __retarget_lock_release_recursive
 .text.startup.register_fini
                0x080039e8       0x14 D:/arm-gnu-toolchain/bin/../lib/gcc/arm-none-eabi/14.2.1/thumb/v7-m/nofp\libg.a(libc_a-__call_atexit.o)
 .text.atexit   0x080039fc        0xc D:/arm-gnu-toolchain/bin/../lib/gcc/arm-none-eabi/14.2.1/thumb/v7-m/nofp\libg.a(libc_a-atexit.o)
                0x080039fc                atexit
 .text.__libc_fini_array
                0x08003a08       0x28 D:/arm-gnu-toolchain/bin/../lib/gcc/arm-none-eabi/14.2.1/thumb/v7-m/nofp\libg.a(libc_a-fini.o)
                0x08003a08                __libc_fini_array
 .text.__register_exitproc
                0x08003a30       0x80 D:/arm-gnu-toolchain/bin/../lib/gcc/arm-none-eabi/14.2.1/thumb/v7-m/nofp\libg.a(libc_a-__atexit.o)
                0x08003a30                __register_exitproc
 *(.glue_7)
 .glue_7        0x08003ab0        0x0 linker stubs
 *(.glue_7t)
 .glue_7t       0x08003ab0        0x0 linker stubs
 *(.eh_frame)
 .eh_frame      0x08003ab0        0x0 D:/arm-gnu-toolchain/bin/../lib/gcc/arm-none-eabi/14.2.1/thumb/v7-m/nofp/crtbegin.o
 *(.init)
 .init          0x08003ab0        0x4 D:/arm-gnu-toolchain/bin/../lib/gcc/arm-none-eabi/14.2.1/thumb/v7-m/nofp/crti.o
                0x08003ab0                _init
 .init          0x08003ab4        0x8 D:/arm-gnu-toolchain/bin/../lib/gcc/arm-none-eabi/14.2.1/thumb/v7-m/nofp/crtn.o
 *(.fini)
 .fini          0x08003abc        0x4 D:/arm-gnu-toolchain/bin/../lib/gcc/arm-none-eabi/14.2.1/thumb/v7-m/nofp/crti.o
                0x08003abc                _fini
 .fini          0x08003ac0        0x8 D:/arm-gnu-toolchain/bin/../lib/gcc/arm-none-eabi/14.2.1/thumb/v7-m/nofp/crtn.o
                0x08003ac8                        . = ALIGN (0x4)
                0x08003ac8                        _etext = .

.vfp11_veneer   0x08003ac8        0x0
 .vfp11_veneer  0x08003ac8        0x0 linker stubs

.v4_bx          0x08003ac8        0x0
 .v4_bx         0x08003ac8        0x0 linker stubs

.iplt           0x08003ac8        0x0
 .iplt          0x08003ac8        0x0 D:/arm-gnu-toolchain/bin/../lib/gcc/arm-none-eabi/14.2.1/thumb/v7-m/nofp/crtbegin.o

.rodata         0x08003ac8       0x2c
                0x08003ac8                        . = ALIGN (0x4)
 *(.rodata)
 *(.rodata*)
 .rodata.APBPrescTable
                0x08003ac8        0x8 CMakeFiles/chassis_minihero.elf.dir/Core/Src/system_stm32f1xx.c.obj
                0x08003ac8                APBPrescTable
 .rodata.AHBPrescTable
                0x08003ad0       0x10 CMakeFiles/chassis_minihero.elf.dir/Core/Src/system_stm32f1xx.c.obj
                0x08003ad0                AHBPrescTable
 .rodata.aPredivFactorTable.0
                0x08003ae0        0x2 CMakeFiles/chassis_minihero.elf.dir/Drivers/STM32F1xx_HAL_Driver/Src/stm32f1xx_hal_rcc.c.obj
 *fill*         0x08003ae2        0x2 
 .rodata.aPLLMULFactorTable.1
                0x08003ae4       0x10 CMakeFiles/chassis_minihero.elf.dir/Drivers/STM32F1xx_HAL_Driver/Src/stm32f1xx_hal_rcc.c.obj
                0x08003af4                        . = ALIGN (0x4)

.ARM.extab      0x08003af4       0x54
                0x08003af4                        . = ALIGN (0x4)
 *(.ARM.extab* .gnu.linkonce.armextab.*)
 .ARM.extab.text._Z8PWM_Initv
                0x08003af4        0xc CMakeFiles/chassis_minihero.elf.dir/user/MCUDriver/Usart.cpp.obj
 .ARM.extab.text.HAL_UART_RxCpltCallback
                0x08003b00        0xc CMakeFiles/chassis_minihero.elf.dir/user/MCUDriver/Usart.cpp.obj
 .ARM.extab.text._Z9Motor_Setv
                0x08003b0c        0xc CMakeFiles/chassis_minihero.elf.dir/user/MCUDriver/Usart.cpp.obj
 .ARM.extab.text._Z13Motor_LineSeth
                0x08003b18        0xc CMakeFiles/chassis_minihero.elf.dir/user/MCUDriver/Usart.cpp.obj
 .ARM.extab.text._Z8BSP_Initv
                0x08003b24        0xc CMakeFiles/chassis_minihero.elf.dir/user/Task/main.cpp.obj
 .ARM.extab.text.main
                0x08003b30        0xc CMakeFiles/chassis_minihero.elf.dir/user/Task/main.cpp.obj
 .ARM.extab.text.__gnu_Unwind_Resume_or_Rethrow
                0x08003b3c        0xc D:/arm-gnu-toolchain/bin/../lib/gcc/arm-none-eabi/14.2.1/thumb/v7-m/nofp\libgcc.a(unwind-arm.o)
                0x08003b48                        . = ALIGN (0x4)

.ARM            0x08003b48       0xe8
                0x08003b48                        . = ALIGN (0x4)
                0x08003b48                        __exidx_start = .
 *(.ARM.exidx*)
 .ARM.exidx     0x08003b48        0x8 D:/arm-gnu-toolchain/bin/../lib/gcc/arm-none-eabi/14.2.1/thumb/v7-m/nofp\libg.a(libc_a-memcpy.o)
 .ARM.exidx.text._Z41__static_initialization_and_destruction_0v
                0x08003b50        0x0 CMakeFiles/chassis_minihero.elf.dir/user/MCUDriver/Usart.cpp.obj
                                  0x8 (size before relaxing)
 .ARM.exidx.text._Z8PWM_Initv
                0x08003b50        0x8 CMakeFiles/chassis_minihero.elf.dir/user/MCUDriver/Usart.cpp.obj
 .ARM.exidx.text._Z13Direction_Setv
                0x08003b58        0x8 CMakeFiles/chassis_minihero.elf.dir/user/MCUDriver/Usart.cpp.obj
 .ARM.exidx.text._Z16Set_AllDirectionbbbb
                0x08003b60        0x8 CMakeFiles/chassis_minihero.elf.dir/user/MCUDriver/Usart.cpp.obj
 .ARM.exidx.text._Z12Set_AllSpeedhhhh
                0x08003b68        0x0 CMakeFiles/chassis_minihero.elf.dir/user/MCUDriver/Usart.cpp.obj
                                  0x8 (size before relaxing)
 .ARM.exidx.text._Z10PWM_Outputv
                0x08003b68        0x0 CMakeFiles/chassis_minihero.elf.dir/user/MCUDriver/Usart.cpp.obj
                                  0x8 (size before relaxing)
 .ARM.exidx.text.HAL_UART_RxCpltCallback
                0x08003b68        0x8 CMakeFiles/chassis_minihero.elf.dir/user/MCUDriver/Usart.cpp.obj
 .ARM.exidx.text.HAL_GPIO_EXTI_Callback
                0x08003b70        0x8 CMakeFiles/chassis_minihero.elf.dir/user/MCUDriver/Usart.cpp.obj
 .ARM.exidx.text._Z9Motor_Setv
                0x08003b78        0x8 CMakeFiles/chassis_minihero.elf.dir/user/MCUDriver/Usart.cpp.obj
 .ARM.exidx.text._Z13Motor_LineSeth
                0x08003b80        0x8 CMakeFiles/chassis_minihero.elf.dir/user/MCUDriver/Usart.cpp.obj
 .ARM.exidx.text._GLOBAL__sub_I_ReceiveData
                0x08003b88        0x8 CMakeFiles/chassis_minihero.elf.dir/user/MCUDriver/Usart.cpp.obj
 .ARM.exidx.text._Z8BSP_Initv
                0x08003b90        0x8 CMakeFiles/chassis_minihero.elf.dir/user/Task/main.cpp.obj
 .ARM.exidx.text.main
                0x08003b98        0x8 CMakeFiles/chassis_minihero.elf.dir/user/Task/main.cpp.obj
 .ARM.exidx.text.selfrel_offset31
                0x08003ba0        0x8 D:/arm-gnu-toolchain/bin/../lib/gcc/arm-none-eabi/14.2.1/thumb/v7-m/nofp\libgcc.a(unwind-arm.o)
 .ARM.exidx.text.search_EIT_table
                0x08003ba8        0x0 D:/arm-gnu-toolchain/bin/../lib/gcc/arm-none-eabi/14.2.1/thumb/v7-m/nofp\libgcc.a(unwind-arm.o)
                                  0x8 (size before relaxing)
 .ARM.exidx.text.__gnu_unwind_get_pr_addr
                0x08003ba8        0x0 D:/arm-gnu-toolchain/bin/../lib/gcc/arm-none-eabi/14.2.1/thumb/v7-m/nofp\libgcc.a(unwind-arm.o)
                                  0x8 (size before relaxing)
 .ARM.exidx.text.get_eit_entry
                0x08003ba8        0x8 D:/arm-gnu-toolchain/bin/../lib/gcc/arm-none-eabi/14.2.1/thumb/v7-m/nofp\libgcc.a(unwind-arm.o)
 .ARM.exidx.text.restore_non_core_regs
                0x08003bb0        0x8 D:/arm-gnu-toolchain/bin/../lib/gcc/arm-none-eabi/14.2.1/thumb/v7-m/nofp\libgcc.a(unwind-arm.o)
 .ARM.exidx.text._Unwind_decode_typeinfo_ptr.constprop.0
                0x08003bb8        0x8 D:/arm-gnu-toolchain/bin/../lib/gcc/arm-none-eabi/14.2.1/thumb/v7-m/nofp\libgcc.a(unwind-arm.o)
 .ARM.exidx.text._Unwind_DebugHook
                0x08003bc0        0x0 D:/arm-gnu-toolchain/bin/../lib/gcc/arm-none-eabi/14.2.1/thumb/v7-m/nofp\libgcc.a(unwind-arm.o)
                                  0x8 (size before relaxing)
 .ARM.exidx.text.unwind_phase2
                0x08003bc0        0x8 D:/arm-gnu-toolchain/bin/../lib/gcc/arm-none-eabi/14.2.1/thumb/v7-m/nofp\libgcc.a(unwind-arm.o)
 .ARM.exidx.text.unwind_phase2_forced
                0x08003bc8        0x8 D:/arm-gnu-toolchain/bin/../lib/gcc/arm-none-eabi/14.2.1/thumb/v7-m/nofp\libgcc.a(unwind-arm.o)
 .ARM.exidx.text.__gnu_Unwind_RaiseException
                0x08003bd0        0x8 D:/arm-gnu-toolchain/bin/../lib/gcc/arm-none-eabi/14.2.1/thumb/v7-m/nofp\libgcc.a(unwind-arm.o)
 .ARM.exidx.text.__gnu_Unwind_ForcedUnwind
                0x08003bd8        0x8 D:/arm-gnu-toolchain/bin/../lib/gcc/arm-none-eabi/14.2.1/thumb/v7-m/nofp\libgcc.a(unwind-arm.o)
 .ARM.exidx.text.__gnu_Unwind_Resume
                0x08003be0        0x8 D:/arm-gnu-toolchain/bin/../lib/gcc/arm-none-eabi/14.2.1/thumb/v7-m/nofp\libgcc.a(unwind-arm.o)
 .ARM.exidx.text.__gnu_Unwind_Resume_or_Rethrow
                0x08003be8        0x8 D:/arm-gnu-toolchain/bin/../lib/gcc/arm-none-eabi/14.2.1/thumb/v7-m/nofp\libgcc.a(unwind-arm.o)
 .ARM.exidx.text._Unwind_VRS_Get
                0x08003bf0        0x8 D:/arm-gnu-toolchain/bin/../lib/gcc/arm-none-eabi/14.2.1/thumb/v7-m/nofp\libgcc.a(unwind-arm.o)
 .ARM.exidx.text._Unwind_GetGR
                0x08003bf8        0x0 D:/arm-gnu-toolchain/bin/../lib/gcc/arm-none-eabi/14.2.1/thumb/v7-m/nofp\libgcc.a(unwind-arm.o)
                                  0x8 (size before relaxing)
 .ARM.exidx.text._Unwind_VRS_Set
                0x08003bf8        0x0 D:/arm-gnu-toolchain/bin/../lib/gcc/arm-none-eabi/14.2.1/thumb/v7-m/nofp\libgcc.a(unwind-arm.o)
                                  0x8 (size before relaxing)
 .ARM.exidx.text._Unwind_SetGR
                0x08003bf8        0x0 D:/arm-gnu-toolchain/bin/../lib/gcc/arm-none-eabi/14.2.1/thumb/v7-m/nofp\libgcc.a(unwind-arm.o)
                                  0x8 (size before relaxing)
 .ARM.exidx.text.__gnu_Unwind_Backtrace
                0x08003bf8        0x8 D:/arm-gnu-toolchain/bin/../lib/gcc/arm-none-eabi/14.2.1/thumb/v7-m/nofp\libgcc.a(unwind-arm.o)
 .ARM.exidx.text.__gnu_unwind_pr_common
                0x08003c00        0x8 D:/arm-gnu-toolchain/bin/../lib/gcc/arm-none-eabi/14.2.1/thumb/v7-m/nofp\libgcc.a(unwind-arm.o)
 .ARM.exidx.text.__aeabi_unwind_cpp_pr0
                0x08003c08        0x8 D:/arm-gnu-toolchain/bin/../lib/gcc/arm-none-eabi/14.2.1/thumb/v7-m/nofp\libgcc.a(unwind-arm.o)
 .ARM.exidx.text.__aeabi_unwind_cpp_pr1
                0x08003c10        0x0 D:/arm-gnu-toolchain/bin/../lib/gcc/arm-none-eabi/14.2.1/thumb/v7-m/nofp\libgcc.a(unwind-arm.o)
                                  0x8 (size before relaxing)
 .ARM.exidx.text.__aeabi_unwind_cpp_pr2
                0x08003c10        0x0 D:/arm-gnu-toolchain/bin/../lib/gcc/arm-none-eabi/14.2.1/thumb/v7-m/nofp\libgcc.a(unwind-arm.o)
                                  0x8 (size before relaxing)
 .ARM.exidx.text._Unwind_VRS_Pop
                0x08003c10        0x8 D:/arm-gnu-toolchain/bin/../lib/gcc/arm-none-eabi/14.2.1/thumb/v7-m/nofp\libgcc.a(unwind-arm.o)
 .ARM.exidx.text.next_unwind_byte
                0x08003c18        0x8 D:/arm-gnu-toolchain/bin/../lib/gcc/arm-none-eabi/14.2.1/thumb/v7-m/nofp\libgcc.a(pr-support.o)
 .ARM.exidx.text.__gnu_unwind_execute
                0x08003c20       0x10 D:/arm-gnu-toolchain/bin/../lib/gcc/arm-none-eabi/14.2.1/thumb/v7-m/nofp\libgcc.a(pr-support.o)
                                  0x8 (size before relaxing)
                0x08003c30                        __exidx_end = .
                0x08003c30                        . = ALIGN (0x4)

.preinit_array  0x08003c30        0x0
                0x08003c30                        . = ALIGN (0x4)
                0x08003c30                        PROVIDE (__preinit_array_start = .)
 *(.preinit_array*)
                0x08003c30                        PROVIDE (__preinit_array_end = .)
                0x08003c30                        . = ALIGN (0x4)

.init_array     0x08003c30        0xc
                0x08003c30                        . = ALIGN (0x4)
                0x08003c30                        PROVIDE (__init_array_start = .)
 *(SORT_BY_NAME(.init_array.*))
 .init_array.00000
                0x08003c30        0x4 D:/arm-gnu-toolchain/bin/../lib/gcc/arm-none-eabi/14.2.1/thumb/v7-m/nofp\libg.a(libc_a-__call_atexit.o)
 *(.init_array*)
 .init_array    0x08003c34        0x4 D:/arm-gnu-toolchain/bin/../lib/gcc/arm-none-eabi/14.2.1/thumb/v7-m/nofp/crtbegin.o
 .init_array    0x08003c38        0x4 CMakeFiles/chassis_minihero.elf.dir/user/MCUDriver/Usart.cpp.obj
                0x08003c3c                        PROVIDE (__init_array_end = .)
                0x08003c3c                        . = ALIGN (0x4)

.fini_array     0x08003c3c        0x4
                0x08003c3c                        . = ALIGN (0x4)
                0x08003c3c                        PROVIDE (__fini_array_start = .)
 *(SORT_BY_NAME(.fini_array.*))
 *(.fini_array*)
 .fini_array    0x08003c3c        0x4 D:/arm-gnu-toolchain/bin/../lib/gcc/arm-none-eabi/14.2.1/thumb/v7-m/nofp/crtbegin.o
                0x08003c40                        PROVIDE (__fini_array_end = .)
                0x08003c40                        . = ALIGN (0x4)
                0x08003c40                        _sidata = LOADADDR (.data)

.rel.dyn        0x08003c40        0x0
 .rel.iplt      0x08003c40        0x0 D:/arm-gnu-toolchain/bin/../lib/gcc/arm-none-eabi/14.2.1/thumb/v7-m/nofp/crtbegin.o

.data           0x20000000      0x154 load address 0x08003c40
                0x20000000                        . = ALIGN (0x4)
                0x20000000                        _sdata = .
 *(.data)
 *(.data*)
 .data.SystemCoreClock
                0x20000000        0x4 CMakeFiles/chassis_minihero.elf.dir/Core/Src/system_stm32f1xx.c.obj
                0x20000000                SystemCoreClock
 .data.uwTickFreq
                0x20000004        0x1 CMakeFiles/chassis_minihero.elf.dir/Drivers/STM32F1xx_HAL_Driver/Src/stm32f1xx_hal.c.obj
                0x20000004                uwTickFreq
 *fill*         0x20000005        0x3 
 .data.uwTickPrio
                0x20000008        0x4 CMakeFiles/chassis_minihero.elf.dir/Drivers/STM32F1xx_HAL_Driver/Src/stm32f1xx_hal.c.obj
                0x20000008                uwTickPrio
 .data._impure_ptr
                0x2000000c        0x4 D:/arm-gnu-toolchain/bin/../lib/gcc/arm-none-eabi/14.2.1/thumb/v7-m/nofp\libg.a(libc_a-impure.o)
                0x2000000c                _impure_ptr
 .data._impure_data
                0x20000010      0x140 D:/arm-gnu-toolchain/bin/../lib/gcc/arm-none-eabi/14.2.1/thumb/v7-m/nofp\libg.a(libc_a-impure.o)
                0x20000010                _impure_data
 .data.__atexit_recursive_mutex
                0x20000150        0x4 D:/arm-gnu-toolchain/bin/../lib/gcc/arm-none-eabi/14.2.1/thumb/v7-m/nofp\libg.a(libc_a-__call_atexit.o)
                0x20000150                __atexit_recursive_mutex
 *(.RamFunc)
 *(.RamFunc*)
                0x20000154                        . = ALIGN (0x4)
                0x20000154                        _edata = .

.tm_clone_table
                0x20000154        0x0 load address 0x08003d94
 .tm_clone_table
                0x20000154        0x0 D:/arm-gnu-toolchain/bin/../lib/gcc/arm-none-eabi/14.2.1/thumb/v7-m/nofp/crtbegin.o
 .tm_clone_table
                0x20000154        0x0 D:/arm-gnu-toolchain/bin/../lib/gcc/arm-none-eabi/14.2.1/thumb/v7-m/nofp/crtend.o

.igot.plt       0x20000154        0x0 load address 0x08003d94
 .igot.plt      0x20000154        0x0 D:/arm-gnu-toolchain/bin/../lib/gcc/arm-none-eabi/14.2.1/thumb/v7-m/nofp/crtbegin.o
                0x20000154                        . = ALIGN (0x4)

.bss            0x20000154      0x4f4 load address 0x08003d94
                0x20000154                        _sbss = .
                0x20000154                        __bss_start__ = _sbss
 *(.bss)
 *(.bss*)
 .bss.completed.1
                0x20000154        0x1 D:/arm-gnu-toolchain/bin/../lib/gcc/arm-none-eabi/14.2.1/thumb/v7-m/nofp/crtbegin.o
 *fill*         0x20000155        0x3 
 .bss.object.0  0x20000158       0x18 D:/arm-gnu-toolchain/bin/../lib/gcc/arm-none-eabi/14.2.1/thumb/v7-m/nofp/crtbegin.o
 .bss.htim4     0x20000170       0x48 CMakeFiles/chassis_minihero.elf.dir/Core/Src/tim.c.obj
                0x20000170                htim4
 .bss.htim3     0x200001b8       0x48 CMakeFiles/chassis_minihero.elf.dir/Core/Src/tim.c.obj
                0x200001b8                htim3
 .bss.htim2     0x20000200       0x48 CMakeFiles/chassis_minihero.elf.dir/Core/Src/tim.c.obj
                0x20000200                htim2
 .bss.htim1     0x20000248       0x48 CMakeFiles/chassis_minihero.elf.dir/Core/Src/tim.c.obj
                0x20000248                htim1
 .bss.hdma_usart2_tx
                0x20000290       0x44 CMakeFiles/chassis_minihero.elf.dir/Core/Src/usart.c.obj
                0x20000290                hdma_usart2_tx
 .bss.hdma_usart2_rx
                0x200002d4       0x44 CMakeFiles/chassis_minihero.elf.dir/Core/Src/usart.c.obj
                0x200002d4                hdma_usart2_rx
 .bss.huart2    0x20000318       0x48 CMakeFiles/chassis_minihero.elf.dir/Core/Src/usart.c.obj
                0x20000318                huart2
 .bss.uwTick    0x20000360        0x4 CMakeFiles/chassis_minihero.elf.dir/Drivers/STM32F1xx_HAL_Driver/Src/stm32f1xx_hal.c.obj
                0x20000360                uwTick
 .bss.c         0x20000364        0xc CMakeFiles/chassis_minihero.elf.dir/user/MCUDriver/Usart.cpp.obj
                0x20000364                c
 .bss.Flag      0x20000370        0x1 CMakeFiles/chassis_minihero.elf.dir/user/MCUDriver/Usart.cpp.obj
                0x20000370                Flag
 .bss.ReceiveData
                0x20000371        0x1 CMakeFiles/chassis_minihero.elf.dir/user/MCUDriver/Usart.cpp.obj
                0x20000371                ReceiveData
 *fill*         0x20000372        0x2 
 .bss.__sf      0x20000374      0x138 D:/arm-gnu-toolchain/bin/../lib/gcc/arm-none-eabi/14.2.1/thumb/v7-m/nofp\libg.a(libc_a-findfp.o)
                0x20000374                __sf
 .bss.errno     0x200004ac        0x4 D:/arm-gnu-toolchain/bin/../lib/gcc/arm-none-eabi/14.2.1/thumb/v7-m/nofp\libg.a(libc_a-reent.o)
                0x200004ac                errno
 .bss.__lock___atexit_recursive_mutex
                0x200004b0        0x1 D:/arm-gnu-toolchain/bin/../lib/gcc/arm-none-eabi/14.2.1/thumb/v7-m/nofp\libg.a(libc_a-lock.o)
                0x200004b0                __lock___atexit_recursive_mutex
 *fill*         0x200004b1        0x3 
 .bss.__atexit  0x200004b4        0x4 D:/arm-gnu-toolchain/bin/../lib/gcc/arm-none-eabi/14.2.1/thumb/v7-m/nofp\libg.a(libc_a-__call_atexit.o)
                0x200004b4                __atexit
 .bss.__atexit0
                0x200004b8      0x190 D:/arm-gnu-toolchain/bin/../lib/gcc/arm-none-eabi/14.2.1/thumb/v7-m/nofp\libg.a(libc_a-__atexit.o)
                0x200004b8                __atexit0
 *(COMMON)
                0x20000648                        . = ALIGN (0x4)
                0x20000648                        _ebss = .
                0x20000648                        __bss_end__ = _ebss

._user_heap_stack
                0x20000648      0x600 load address 0x08003d94
                0x20000648                        . = ALIGN (0x8)
                [!provide]                        PROVIDE (end = .)
                0x20000648                        PROVIDE (_end = .)
                0x20000848                        . = (. + _Min_Heap_Size)
 *fill*         0x20000648      0x200 
                0x20000c48                        . = (. + _Min_Stack_Size)
 *fill*         0x20000848      0x400 
                0x20000c48                        . = ALIGN (0x8)

/DISCARD/
 libc.a(*)
 libm.a(*)
 libgcc.a(*)

.ARM.attributes
                0x00000000       0x29
 *(.ARM.attributes)
 .ARM.attributes
                0x00000000       0x1d D:/arm-gnu-toolchain/bin/../lib/gcc/arm-none-eabi/14.2.1/thumb/v7-m/nofp/crti.o
 .ARM.attributes
                0x0000001d       0x2d D:/arm-gnu-toolchain/bin/../lib/gcc/arm-none-eabi/14.2.1/thumb/v7-m/nofp/crtbegin.o
 .ARM.attributes
                0x0000004a       0x2d CMakeFiles/chassis_minihero.elf.dir/Core/Src/dma.c.obj
 .ARM.attributes
                0x00000077       0x2d CMakeFiles/chassis_minihero.elf.dir/Core/Src/gpio.c.obj
 .ARM.attributes
                0x000000a4       0x2d CMakeFiles/chassis_minihero.elf.dir/Core/Src/main.c.obj
 .ARM.attributes
                0x000000d1       0x2d CMakeFiles/chassis_minihero.elf.dir/Core/Src/stm32f1xx_hal_msp.c.obj
 .ARM.attributes
                0x000000fe       0x2d CMakeFiles/chassis_minihero.elf.dir/Core/Src/stm32f1xx_it.c.obj
 .ARM.attributes
                0x0000012b       0x2d CMakeFiles/chassis_minihero.elf.dir/Core/Src/system_stm32f1xx.c.obj
 .ARM.attributes
                0x00000158       0x2d CMakeFiles/chassis_minihero.elf.dir/Core/Src/tim.c.obj
 .ARM.attributes
                0x00000185       0x2d CMakeFiles/chassis_minihero.elf.dir/Core/Src/usart.c.obj
 .ARM.attributes
                0x000001b2       0x21 CMakeFiles/chassis_minihero.elf.dir/Core/Startup/startup_stm32f103c8tx.s.obj
 .ARM.attributes
                0x000001d3       0x2d CMakeFiles/chassis_minihero.elf.dir/Drivers/STM32F1xx_HAL_Driver/Src/stm32f1xx_hal.c.obj
 .ARM.attributes
                0x00000200       0x2d CMakeFiles/chassis_minihero.elf.dir/Drivers/STM32F1xx_HAL_Driver/Src/stm32f1xx_hal_cortex.c.obj
 .ARM.attributes
                0x0000022d       0x2d CMakeFiles/chassis_minihero.elf.dir/Drivers/STM32F1xx_HAL_Driver/Src/stm32f1xx_hal_dma.c.obj
 .ARM.attributes
                0x0000025a       0x2d CMakeFiles/chassis_minihero.elf.dir/Drivers/STM32F1xx_HAL_Driver/Src/stm32f1xx_hal_gpio.c.obj
 .ARM.attributes
                0x00000287       0x2d CMakeFiles/chassis_minihero.elf.dir/Drivers/STM32F1xx_HAL_Driver/Src/stm32f1xx_hal_rcc.c.obj
 .ARM.attributes
                0x000002b4       0x2d CMakeFiles/chassis_minihero.elf.dir/Drivers/STM32F1xx_HAL_Driver/Src/stm32f1xx_hal_tim.c.obj
 .ARM.attributes
                0x000002e1       0x2d CMakeFiles/chassis_minihero.elf.dir/Drivers/STM32F1xx_HAL_Driver/Src/stm32f1xx_hal_tim_ex.c.obj
 .ARM.attributes
                0x0000030e       0x2d CMakeFiles/chassis_minihero.elf.dir/Drivers/STM32F1xx_HAL_Driver/Src/stm32f1xx_hal_uart.c.obj
 .ARM.attributes
                0x0000033b       0x2d CMakeFiles/chassis_minihero.elf.dir/user/MCUDriver/Usart.cpp.obj
 .ARM.attributes
                0x00000368       0x2d CMakeFiles/chassis_minihero.elf.dir/user/Task/main.cpp.obj
 .ARM.attributes
                0x00000395       0x2d D:/arm-gnu-toolchain/bin/../lib/gcc/arm-none-eabi/14.2.1/thumb/v7-m/nofp\libgcc.a(unwind-arm.o)
 .ARM.attributes
                0x000003c2       0x1d D:/arm-gnu-toolchain/bin/../lib/gcc/arm-none-eabi/14.2.1/thumb/v7-m/nofp\libgcc.a(libunwind.o)
 .ARM.attributes
                0x000003df       0x2d D:/arm-gnu-toolchain/bin/../lib/gcc/arm-none-eabi/14.2.1/thumb/v7-m/nofp\libgcc.a(pr-support.o)
 .ARM.attributes
                0x0000040c       0x2d D:/arm-gnu-toolchain/bin/../lib/gcc/arm-none-eabi/14.2.1/thumb/v7-m/nofp\libg.a(libc_a-abort.o)
 .ARM.attributes
                0x00000439       0x2d D:/arm-gnu-toolchain/bin/../lib/gcc/arm-none-eabi/14.2.1/thumb/v7-m/nofp\libg.a(libc_a-findfp.o)
 .ARM.attributes
                0x00000466       0x2d D:/arm-gnu-toolchain/bin/../lib/gcc/arm-none-eabi/14.2.1/thumb/v7-m/nofp\libg.a(libc_a-memset.o)
 .ARM.attributes
                0x00000493       0x2d D:/arm-gnu-toolchain/bin/../lib/gcc/arm-none-eabi/14.2.1/thumb/v7-m/nofp\libg.a(libc_a-signal.o)
 .ARM.attributes
                0x000004c0       0x2d D:/arm-gnu-toolchain/bin/../lib/gcc/arm-none-eabi/14.2.1/thumb/v7-m/nofp\libg.a(libc_a-reent.o)
 .ARM.attributes
                0x000004ed       0x2d D:/arm-gnu-toolchain/bin/../lib/gcc/arm-none-eabi/14.2.1/thumb/v7-m/nofp\libg.a(libc_a-impure.o)
 .ARM.attributes
                0x0000051a       0x2d D:/arm-gnu-toolchain/bin/../lib/gcc/arm-none-eabi/14.2.1/thumb/v7-m/nofp\libg.a(libc_a-signalr.o)
 .ARM.attributes
                0x00000547       0x2d D:/arm-gnu-toolchain/bin/../lib/gcc/arm-none-eabi/14.2.1/thumb/v7-m/nofp\libg.a(libc_a-errno.o)
 .ARM.attributes
                0x00000574       0x2d D:/arm-gnu-toolchain/bin/../lib/gcc/arm-none-eabi/14.2.1/thumb/v7-m/nofp\libg.a(libc_a-init.o)
 .ARM.attributes
                0x000005a1       0x2d D:/arm-gnu-toolchain/bin/../lib/gcc/arm-none-eabi/14.2.1/thumb/v7-m/nofp\libg.a(libc_a-lock.o)
 .ARM.attributes
                0x000005ce       0x1b D:/arm-gnu-toolchain/bin/../lib/gcc/arm-none-eabi/14.2.1/thumb/v7-m/nofp\libg.a(libc_a-memcpy.o)
 .ARM.attributes
                0x000005e9       0x2d D:/arm-gnu-toolchain/bin/../lib/gcc/arm-none-eabi/14.2.1/thumb/v7-m/nofp\libg.a(libc_a-__call_atexit.o)
 .ARM.attributes
                0x00000616       0x2d D:/arm-gnu-toolchain/bin/../lib/gcc/arm-none-eabi/14.2.1/thumb/v7-m/nofp\libg.a(libc_a-atexit.o)
 .ARM.attributes
                0x00000643       0x2d D:/arm-gnu-toolchain/bin/../lib/gcc/arm-none-eabi/14.2.1/thumb/v7-m/nofp\libg.a(libc_a-fini.o)
 .ARM.attributes
                0x00000670       0x2d D:/arm-gnu-toolchain/bin/../lib/gcc/arm-none-eabi/14.2.1/thumb/v7-m/nofp\libg.a(libc_a-__atexit.o)
 .ARM.attributes
                0x0000069d       0x2d D:/arm-gnu-toolchain/bin/../lib/gcc/arm-none-eabi/14.2.1/thumb/v7-m/nofp/crtend.o
 .ARM.attributes
                0x000006ca       0x1d D:/arm-gnu-toolchain/bin/../lib/gcc/arm-none-eabi/14.2.1/thumb/v7-m/nofp/crtn.o
OUTPUT(chassis_minihero.elf elf32-littlearm)
LOAD linker stubs
LOAD D:/arm-gnu-toolchain/bin/../lib/gcc/arm-none-eabi/14.2.1/thumb/v7-m/nofp\libc.a
LOAD D:/arm-gnu-toolchain/bin/../lib/gcc/arm-none-eabi/14.2.1/thumb/v7-m/nofp\libm.a
LOAD D:/arm-gnu-toolchain/bin/../lib/gcc/arm-none-eabi/14.2.1/thumb/v7-m/nofp\libgcc.a

.debug_info     0x00000000    0x11027
 .debug_info    0x00000000      0x32b CMakeFiles/chassis_minihero.elf.dir/Core/Src/dma.c.obj
 .debug_info    0x0000032b      0x50b CMakeFiles/chassis_minihero.elf.dir/Core/Src/gpio.c.obj
 .debug_info    0x00000836      0x2c6 CMakeFiles/chassis_minihero.elf.dir/Core/Src/main.c.obj
 .debug_info    0x00000afc      0x1f4 CMakeFiles/chassis_minihero.elf.dir/Core/Src/stm32f1xx_hal_msp.c.obj
 .debug_info    0x00000cf0      0x6b2 CMakeFiles/chassis_minihero.elf.dir/Core/Src/stm32f1xx_it.c.obj
 .debug_info    0x000013a2      0x22d CMakeFiles/chassis_minihero.elf.dir/Core/Src/system_stm32f1xx.c.obj
 .debug_info    0x000015cf     0x1120 CMakeFiles/chassis_minihero.elf.dir/Core/Src/tim.c.obj
 .debug_info    0x000026ef      0xa86 CMakeFiles/chassis_minihero.elf.dir/Core/Src/usart.c.obj
 .debug_info    0x00003175       0x30 CMakeFiles/chassis_minihero.elf.dir/Core/Startup/startup_stm32f103c8tx.s.obj
 .debug_info    0x000031a5      0x7a2 CMakeFiles/chassis_minihero.elf.dir/Drivers/STM32F1xx_HAL_Driver/Src/stm32f1xx_hal.c.obj
 .debug_info    0x00003947      0xcd9 CMakeFiles/chassis_minihero.elf.dir/Drivers/STM32F1xx_HAL_Driver/Src/stm32f1xx_hal_cortex.c.obj
 .debug_info    0x00004620      0x7f2 CMakeFiles/chassis_minihero.elf.dir/Drivers/STM32F1xx_HAL_Driver/Src/stm32f1xx_hal_dma.c.obj
 .debug_info    0x00004e12      0x604 CMakeFiles/chassis_minihero.elf.dir/Drivers/STM32F1xx_HAL_Driver/Src/stm32f1xx_hal_gpio.c.obj
 .debug_info    0x00005416      0x9c7 CMakeFiles/chassis_minihero.elf.dir/Drivers/STM32F1xx_HAL_Driver/Src/stm32f1xx_hal_rcc.c.obj
 .debug_info    0x00005ddd     0x3c0f CMakeFiles/chassis_minihero.elf.dir/Drivers/STM32F1xx_HAL_Driver/Src/stm32f1xx_hal_tim.c.obj
 .debug_info    0x000099ec     0x1a9e CMakeFiles/chassis_minihero.elf.dir/Drivers/STM32F1xx_HAL_Driver/Src/stm32f1xx_hal_tim_ex.c.obj
 .debug_info    0x0000b48a     0x3f85 CMakeFiles/chassis_minihero.elf.dir/Drivers/STM32F1xx_HAL_Driver/Src/stm32f1xx_hal_uart.c.obj
 .debug_info    0x0000f40f     0x1548 CMakeFiles/chassis_minihero.elf.dir/user/MCUDriver/Usart.cpp.obj
 .debug_info    0x00010957      0x6d0 CMakeFiles/chassis_minihero.elf.dir/user/Task/main.cpp.obj

.debug_abbrev   0x00000000     0x2652
 .debug_abbrev  0x00000000      0x119 CMakeFiles/chassis_minihero.elf.dir/Core/Src/dma.c.obj
 .debug_abbrev  0x00000119      0x173 CMakeFiles/chassis_minihero.elf.dir/Core/Src/gpio.c.obj
 .debug_abbrev  0x0000028c      0x146 CMakeFiles/chassis_minihero.elf.dir/Core/Src/main.c.obj
 .debug_abbrev  0x000003d2       0xed CMakeFiles/chassis_minihero.elf.dir/Core/Src/stm32f1xx_hal_msp.c.obj
 .debug_abbrev  0x000004bf      0x1b3 CMakeFiles/chassis_minihero.elf.dir/Core/Src/stm32f1xx_it.c.obj
 .debug_abbrev  0x00000672      0x143 CMakeFiles/chassis_minihero.elf.dir/Core/Src/system_stm32f1xx.c.obj
 .debug_abbrev  0x000007b5      0x299 CMakeFiles/chassis_minihero.elf.dir/Core/Src/tim.c.obj
 .debug_abbrev  0x00000a4e      0x239 CMakeFiles/chassis_minihero.elf.dir/Core/Src/usart.c.obj
 .debug_abbrev  0x00000c87       0x24 CMakeFiles/chassis_minihero.elf.dir/Core/Startup/startup_stm32f103c8tx.s.obj
 .debug_abbrev  0x00000cab      0x22d CMakeFiles/chassis_minihero.elf.dir/Drivers/STM32F1xx_HAL_Driver/Src/stm32f1xx_hal.c.obj
 .debug_abbrev  0x00000ed8      0x36d CMakeFiles/chassis_minihero.elf.dir/Drivers/STM32F1xx_HAL_Driver/Src/stm32f1xx_hal_cortex.c.obj
 .debug_abbrev  0x00001245      0x244 CMakeFiles/chassis_minihero.elf.dir/Drivers/STM32F1xx_HAL_Driver/Src/stm32f1xx_hal_dma.c.obj
 .debug_abbrev  0x00001489      0x1f7 CMakeFiles/chassis_minihero.elf.dir/Drivers/STM32F1xx_HAL_Driver/Src/stm32f1xx_hal_gpio.c.obj
 .debug_abbrev  0x00001680      0x2a0 CMakeFiles/chassis_minihero.elf.dir/Drivers/STM32F1xx_HAL_Driver/Src/stm32f1xx_hal_rcc.c.obj
 .debug_abbrev  0x00001920      0x270 CMakeFiles/chassis_minihero.elf.dir/Drivers/STM32F1xx_HAL_Driver/Src/stm32f1xx_hal_tim.c.obj
 .debug_abbrev  0x00001b90      0x26e CMakeFiles/chassis_minihero.elf.dir/Drivers/STM32F1xx_HAL_Driver/Src/stm32f1xx_hal_tim_ex.c.obj
 .debug_abbrev  0x00001dfe      0x31c CMakeFiles/chassis_minihero.elf.dir/Drivers/STM32F1xx_HAL_Driver/Src/stm32f1xx_hal_uart.c.obj
 .debug_abbrev  0x0000211a      0x36b CMakeFiles/chassis_minihero.elf.dir/user/MCUDriver/Usart.cpp.obj
 .debug_abbrev  0x00002485      0x1cd CMakeFiles/chassis_minihero.elf.dir/user/Task/main.cpp.obj

.debug_aranges  0x00000000      0xcd0
 .debug_aranges
                0x00000000       0x20 CMakeFiles/chassis_minihero.elf.dir/Core/Src/dma.c.obj
 .debug_aranges
                0x00000020       0x20 CMakeFiles/chassis_minihero.elf.dir/Core/Src/gpio.c.obj
 .debug_aranges
                0x00000040       0x28 CMakeFiles/chassis_minihero.elf.dir/Core/Src/main.c.obj
 .debug_aranges
                0x00000068       0x20 CMakeFiles/chassis_minihero.elf.dir/Core/Src/stm32f1xx_hal_msp.c.obj
 .debug_aranges
                0x00000088       0x80 CMakeFiles/chassis_minihero.elf.dir/Core/Src/stm32f1xx_it.c.obj
 .debug_aranges
                0x00000108       0x28 CMakeFiles/chassis_minihero.elf.dir/Core/Src/system_stm32f1xx.c.obj
 .debug_aranges
                0x00000130       0x50 CMakeFiles/chassis_minihero.elf.dir/Core/Src/tim.c.obj
 .debug_aranges
                0x00000180       0x30 CMakeFiles/chassis_minihero.elf.dir/Core/Src/usart.c.obj
 .debug_aranges
                0x000001b0       0x28 CMakeFiles/chassis_minihero.elf.dir/Core/Startup/startup_stm32f103c8tx.s.obj
 .debug_aranges
                0x000001d8       0xe0 CMakeFiles/chassis_minihero.elf.dir/Drivers/STM32F1xx_HAL_Driver/Src/stm32f1xx_hal.c.obj
 .debug_aranges
                0x000002b8       0xc0 CMakeFiles/chassis_minihero.elf.dir/Drivers/STM32F1xx_HAL_Driver/Src/stm32f1xx_hal_cortex.c.obj
 .debug_aranges
                0x00000378       0x80 CMakeFiles/chassis_minihero.elf.dir/Drivers/STM32F1xx_HAL_Driver/Src/stm32f1xx_hal_dma.c.obj
 .debug_aranges
                0x000003f8       0x58 CMakeFiles/chassis_minihero.elf.dir/Drivers/STM32F1xx_HAL_Driver/Src/stm32f1xx_hal_gpio.c.obj
 .debug_aranges
                0x00000450       0x90 CMakeFiles/chassis_minihero.elf.dir/Drivers/STM32F1xx_HAL_Driver/Src/stm32f1xx_hal_rcc.c.obj
 .debug_aranges
                0x000004e0      0x3d0 CMakeFiles/chassis_minihero.elf.dir/Drivers/STM32F1xx_HAL_Driver/Src/stm32f1xx_hal_tim.c.obj
 .debug_aranges
                0x000008b0      0x168 CMakeFiles/chassis_minihero.elf.dir/Drivers/STM32F1xx_HAL_Driver/Src/stm32f1xx_hal_tim_ex.c.obj
 .debug_aranges
                0x00000a18      0x208 CMakeFiles/chassis_minihero.elf.dir/Drivers/STM32F1xx_HAL_Driver/Src/stm32f1xx_hal_uart.c.obj
 .debug_aranges
                0x00000c20       0x88 CMakeFiles/chassis_minihero.elf.dir/user/MCUDriver/Usart.cpp.obj
 .debug_aranges
                0x00000ca8       0x28 CMakeFiles/chassis_minihero.elf.dir/user/Task/main.cpp.obj

.debug_rnglists
                0x00000000      0x9c8
 .debug_rnglists
                0x00000000       0x13 CMakeFiles/chassis_minihero.elf.dir/Core/Src/dma.c.obj
 .debug_rnglists
                0x00000013       0x14 CMakeFiles/chassis_minihero.elf.dir/Core/Src/gpio.c.obj
 .debug_rnglists
                0x00000027       0x19 CMakeFiles/chassis_minihero.elf.dir/Core/Src/main.c.obj
 .debug_rnglists
                0x00000040       0x13 CMakeFiles/chassis_minihero.elf.dir/Core/Src/stm32f1xx_hal_msp.c.obj
 .debug_rnglists
                0x00000053       0x5b CMakeFiles/chassis_minihero.elf.dir/Core/Src/stm32f1xx_it.c.obj
 .debug_rnglists
                0x000000ae       0x1a CMakeFiles/chassis_minihero.elf.dir/Core/Src/system_stm32f1xx.c.obj
 .debug_rnglists
                0x000000c8       0x3d CMakeFiles/chassis_minihero.elf.dir/Core/Src/tim.c.obj
 .debug_rnglists
                0x00000105       0x20 CMakeFiles/chassis_minihero.elf.dir/Core/Src/usart.c.obj
 .debug_rnglists
                0x00000125       0x19 CMakeFiles/chassis_minihero.elf.dir/Core/Startup/startup_stm32f103c8tx.s.obj
 .debug_rnglists
                0x0000013e       0xa3 CMakeFiles/chassis_minihero.elf.dir/Drivers/STM32F1xx_HAL_Driver/Src/stm32f1xx_hal.c.obj
 .debug_rnglists
                0x000001e1       0x8b CMakeFiles/chassis_minihero.elf.dir/Drivers/STM32F1xx_HAL_Driver/Src/stm32f1xx_hal_cortex.c.obj
 .debug_rnglists
                0x0000026c       0x5e CMakeFiles/chassis_minihero.elf.dir/Drivers/STM32F1xx_HAL_Driver/Src/stm32f1xx_hal_dma.c.obj
 .debug_rnglists
                0x000002ca       0x3f CMakeFiles/chassis_minihero.elf.dir/Drivers/STM32F1xx_HAL_Driver/Src/stm32f1xx_hal_gpio.c.obj
 .debug_rnglists
                0x00000309       0x7d CMakeFiles/chassis_minihero.elf.dir/Drivers/STM32F1xx_HAL_Driver/Src/stm32f1xx_hal_rcc.c.obj
 .debug_rnglists
                0x00000386      0x2ff CMakeFiles/chassis_minihero.elf.dir/Drivers/STM32F1xx_HAL_Driver/Src/stm32f1xx_hal_tim.c.obj
 .debug_rnglists
                0x00000685      0x11a CMakeFiles/chassis_minihero.elf.dir/Drivers/STM32F1xx_HAL_Driver/Src/stm32f1xx_hal_tim_ex.c.obj
 .debug_rnglists
                0x0000079f      0x1a1 CMakeFiles/chassis_minihero.elf.dir/Drivers/STM32F1xx_HAL_Driver/Src/stm32f1xx_hal_uart.c.obj
 .debug_rnglists
                0x00000940       0x6f CMakeFiles/chassis_minihero.elf.dir/user/MCUDriver/Usart.cpp.obj
 .debug_rnglists
                0x000009af       0x19 CMakeFiles/chassis_minihero.elf.dir/user/Task/main.cpp.obj

.debug_line     0x00000000     0xe551
 .debug_line    0x00000000      0x1e2 CMakeFiles/chassis_minihero.elf.dir/Core/Src/dma.c.obj
 .debug_line    0x000001e2      0x28b CMakeFiles/chassis_minihero.elf.dir/Core/Src/gpio.c.obj
 .debug_line    0x0000046d      0x2b4 CMakeFiles/chassis_minihero.elf.dir/Core/Src/main.c.obj
 .debug_line    0x00000721      0x18a CMakeFiles/chassis_minihero.elf.dir/Core/Src/stm32f1xx_hal_msp.c.obj
 .debug_line    0x000008ab      0x357 CMakeFiles/chassis_minihero.elf.dir/Core/Src/stm32f1xx_it.c.obj
 .debug_line    0x00000c02      0x253 CMakeFiles/chassis_minihero.elf.dir/Core/Src/system_stm32f1xx.c.obj
 .debug_line    0x00000e55      0x854 CMakeFiles/chassis_minihero.elf.dir/Core/Src/tim.c.obj
 .debug_line    0x000016a9      0x436 CMakeFiles/chassis_minihero.elf.dir/Core/Src/usart.c.obj
 .debug_line    0x00001adf       0x78 CMakeFiles/chassis_minihero.elf.dir/Core/Startup/startup_stm32f103c8tx.s.obj
 .debug_line    0x00001b57      0x5a2 CMakeFiles/chassis_minihero.elf.dir/Drivers/STM32F1xx_HAL_Driver/Src/stm32f1xx_hal.c.obj
 .debug_line    0x000020f9      0x6e8 CMakeFiles/chassis_minihero.elf.dir/Drivers/STM32F1xx_HAL_Driver/Src/stm32f1xx_hal_cortex.c.obj
 .debug_line    0x000027e1      0xb1f CMakeFiles/chassis_minihero.elf.dir/Drivers/STM32F1xx_HAL_Driver/Src/stm32f1xx_hal_dma.c.obj
 .debug_line    0x00003300      0x60a CMakeFiles/chassis_minihero.elf.dir/Drivers/STM32F1xx_HAL_Driver/Src/stm32f1xx_hal_gpio.c.obj
 .debug_line    0x0000390a      0xcf9 CMakeFiles/chassis_minihero.elf.dir/Drivers/STM32F1xx_HAL_Driver/Src/stm32f1xx_hal_rcc.c.obj
 .debug_line    0x00004603     0x45e5 CMakeFiles/chassis_minihero.elf.dir/Drivers/STM32F1xx_HAL_Driver/Src/stm32f1xx_hal_tim.c.obj
 .debug_line    0x00008be8     0x19c1 CMakeFiles/chassis_minihero.elf.dir/Drivers/STM32F1xx_HAL_Driver/Src/stm32f1xx_hal_tim_ex.c.obj
 .debug_line    0x0000a5a9     0x34fe CMakeFiles/chassis_minihero.elf.dir/Drivers/STM32F1xx_HAL_Driver/Src/stm32f1xx_hal_uart.c.obj
 .debug_line    0x0000daa7      0x74d CMakeFiles/chassis_minihero.elf.dir/user/MCUDriver/Usart.cpp.obj
 .debug_line    0x0000e1f4      0x35d CMakeFiles/chassis_minihero.elf.dir/user/Task/main.cpp.obj

.debug_str      0x00000000     0x3e9c
 .debug_str     0x00000000     0x3e9c CMakeFiles/chassis_minihero.elf.dir/Core/Src/dma.c.obj
                                0x544 (size before relaxing)
 .debug_str     0x00003e9c      0x5ec CMakeFiles/chassis_minihero.elf.dir/Core/Src/gpio.c.obj
 .debug_str     0x00003e9c      0x3a1 CMakeFiles/chassis_minihero.elf.dir/Core/Src/main.c.obj
 .debug_str     0x00003e9c      0x279 CMakeFiles/chassis_minihero.elf.dir/Core/Src/stm32f1xx_hal_msp.c.obj
 .debug_str     0x00003e9c      0x748 CMakeFiles/chassis_minihero.elf.dir/Core/Src/stm32f1xx_it.c.obj
 .debug_str     0x00003e9c      0x2ae CMakeFiles/chassis_minihero.elf.dir/Core/Src/system_stm32f1xx.c.obj
 .debug_str     0x00003e9c      0xac1 CMakeFiles/chassis_minihero.elf.dir/Core/Src/tim.c.obj
 .debug_str     0x00003e9c      0xa81 CMakeFiles/chassis_minihero.elf.dir/Core/Src/usart.c.obj
 .debug_str     0x00003e9c       0xbf CMakeFiles/chassis_minihero.elf.dir/Core/Startup/startup_stm32f103c8tx.s.obj
 .debug_str     0x00003e9c      0x888 CMakeFiles/chassis_minihero.elf.dir/Drivers/STM32F1xx_HAL_Driver/Src/stm32f1xx_hal.c.obj
 .debug_str     0x00003e9c      0x92d CMakeFiles/chassis_minihero.elf.dir/Drivers/STM32F1xx_HAL_Driver/Src/stm32f1xx_hal_cortex.c.obj
 .debug_str     0x00003e9c      0x657 CMakeFiles/chassis_minihero.elf.dir/Drivers/STM32F1xx_HAL_Driver/Src/stm32f1xx_hal_dma.c.obj
 .debug_str     0x00003e9c      0x45a CMakeFiles/chassis_minihero.elf.dir/Drivers/STM32F1xx_HAL_Driver/Src/stm32f1xx_hal_gpio.c.obj
 .debug_str     0x00003e9c      0x685 CMakeFiles/chassis_minihero.elf.dir/Drivers/STM32F1xx_HAL_Driver/Src/stm32f1xx_hal_rcc.c.obj
 .debug_str     0x00003e9c     0x16df CMakeFiles/chassis_minihero.elf.dir/Drivers/STM32F1xx_HAL_Driver/Src/stm32f1xx_hal_tim.c.obj
 .debug_str     0x00003e9c      0xeeb CMakeFiles/chassis_minihero.elf.dir/Drivers/STM32F1xx_HAL_Driver/Src/stm32f1xx_hal_tim_ex.c.obj
 .debug_str     0x00003e9c      0xd4e CMakeFiles/chassis_minihero.elf.dir/Drivers/STM32F1xx_HAL_Driver/Src/stm32f1xx_hal_uart.c.obj
 .debug_str     0x00003e9c      0xeb9 CMakeFiles/chassis_minihero.elf.dir/user/MCUDriver/Usart.cpp.obj
 .debug_str     0x00003e9c      0x7c2 CMakeFiles/chassis_minihero.elf.dir/user/Task/main.cpp.obj

.comment        0x00000000       0x45
 .comment       0x00000000       0x45 CMakeFiles/chassis_minihero.elf.dir/Core/Src/dma.c.obj
                                 0x46 (size before relaxing)
 .comment       0x00000045       0x46 CMakeFiles/chassis_minihero.elf.dir/Core/Src/gpio.c.obj
 .comment       0x00000045       0x46 CMakeFiles/chassis_minihero.elf.dir/Core/Src/main.c.obj
 .comment       0x00000045       0x46 CMakeFiles/chassis_minihero.elf.dir/Core/Src/stm32f1xx_hal_msp.c.obj
 .comment       0x00000045       0x46 CMakeFiles/chassis_minihero.elf.dir/Core/Src/stm32f1xx_it.c.obj
 .comment       0x00000045       0x46 CMakeFiles/chassis_minihero.elf.dir/Core/Src/system_stm32f1xx.c.obj
 .comment       0x00000045       0x46 CMakeFiles/chassis_minihero.elf.dir/Core/Src/tim.c.obj
 .comment       0x00000045       0x46 CMakeFiles/chassis_minihero.elf.dir/Core/Src/usart.c.obj
 .comment       0x00000045       0x46 CMakeFiles/chassis_minihero.elf.dir/Drivers/STM32F1xx_HAL_Driver/Src/stm32f1xx_hal.c.obj
 .comment       0x00000045       0x46 CMakeFiles/chassis_minihero.elf.dir/Drivers/STM32F1xx_HAL_Driver/Src/stm32f1xx_hal_cortex.c.obj
 .comment       0x00000045       0x46 CMakeFiles/chassis_minihero.elf.dir/Drivers/STM32F1xx_HAL_Driver/Src/stm32f1xx_hal_dma.c.obj
 .comment       0x00000045       0x46 CMakeFiles/chassis_minihero.elf.dir/Drivers/STM32F1xx_HAL_Driver/Src/stm32f1xx_hal_gpio.c.obj
 .comment       0x00000045       0x46 CMakeFiles/chassis_minihero.elf.dir/Drivers/STM32F1xx_HAL_Driver/Src/stm32f1xx_hal_rcc.c.obj
 .comment       0x00000045       0x46 CMakeFiles/chassis_minihero.elf.dir/Drivers/STM32F1xx_HAL_Driver/Src/stm32f1xx_hal_tim.c.obj
 .comment       0x00000045       0x46 CMakeFiles/chassis_minihero.elf.dir/Drivers/STM32F1xx_HAL_Driver/Src/stm32f1xx_hal_tim_ex.c.obj
 .comment       0x00000045       0x46 CMakeFiles/chassis_minihero.elf.dir/Drivers/STM32F1xx_HAL_Driver/Src/stm32f1xx_hal_uart.c.obj
 .comment       0x00000045       0x46 CMakeFiles/chassis_minihero.elf.dir/user/MCUDriver/Usart.cpp.obj
 .comment       0x00000045       0x46 CMakeFiles/chassis_minihero.elf.dir/user/Task/main.cpp.obj

.debug_frame    0x00000000     0x29f0
 .debug_frame   0x00000000       0x2c CMakeFiles/chassis_minihero.elf.dir/Core/Src/dma.c.obj
 .debug_frame   0x0000002c       0x38 CMakeFiles/chassis_minihero.elf.dir/Core/Src/gpio.c.obj
 .debug_frame   0x00000064       0x40 CMakeFiles/chassis_minihero.elf.dir/Core/Src/main.c.obj
 .debug_frame   0x000000a4       0x28 CMakeFiles/chassis_minihero.elf.dir/Core/Src/stm32f1xx_hal_msp.c.obj
 .debug_frame   0x000000cc      0x108 CMakeFiles/chassis_minihero.elf.dir/Core/Src/stm32f1xx_it.c.obj
 .debug_frame   0x000001d4       0x30 CMakeFiles/chassis_minihero.elf.dir/Core/Src/system_stm32f1xx.c.obj
 .debug_frame   0x00000204       0xe0 CMakeFiles/chassis_minihero.elf.dir/Core/Src/tim.c.obj
 .debug_frame   0x000002e4       0x68 CMakeFiles/chassis_minihero.elf.dir/Core/Src/usart.c.obj
 .debug_frame   0x0000034c      0x1cc CMakeFiles/chassis_minihero.elf.dir/Drivers/STM32F1xx_HAL_Driver/Src/stm32f1xx_hal.c.obj
 .debug_frame   0x00000518      0x19c CMakeFiles/chassis_minihero.elf.dir/Drivers/STM32F1xx_HAL_Driver/Src/stm32f1xx_hal_cortex.c.obj
 .debug_frame   0x000006b4      0x144 CMakeFiles/chassis_minihero.elf.dir/Drivers/STM32F1xx_HAL_Driver/Src/stm32f1xx_hal_dma.c.obj
 .debug_frame   0x000007f8       0xe4 CMakeFiles/chassis_minihero.elf.dir/Drivers/STM32F1xx_HAL_Driver/Src/stm32f1xx_hal_gpio.c.obj
 .debug_frame   0x000008dc      0x184 CMakeFiles/chassis_minihero.elf.dir/Drivers/STM32F1xx_HAL_Driver/Src/stm32f1xx_hal_rcc.c.obj
 .debug_frame   0x00000a60      0xb18 CMakeFiles/chassis_minihero.elf.dir/Drivers/STM32F1xx_HAL_Driver/Src/stm32f1xx_hal_tim.c.obj
 .debug_frame   0x00001578      0x418 CMakeFiles/chassis_minihero.elf.dir/Drivers/STM32F1xx_HAL_Driver/Src/stm32f1xx_hal_tim_ex.c.obj
 .debug_frame   0x00001990      0x5dc CMakeFiles/chassis_minihero.elf.dir/Drivers/STM32F1xx_HAL_Driver/Src/stm32f1xx_hal_uart.c.obj
 .debug_frame   0x00001f6c      0x14c CMakeFiles/chassis_minihero.elf.dir/user/MCUDriver/Usart.cpp.obj
 .debug_frame   0x000020b8       0x40 CMakeFiles/chassis_minihero.elf.dir/user/Task/main.cpp.obj
 .debug_frame   0x000020f8      0x2d8 D:/arm-gnu-toolchain/bin/../lib/gcc/arm-none-eabi/14.2.1/thumb/v7-m/nofp\libgcc.a(unwind-arm.o)
 .debug_frame   0x000023d0       0xf4 D:/arm-gnu-toolchain/bin/../lib/gcc/arm-none-eabi/14.2.1/thumb/v7-m/nofp\libgcc.a(pr-support.o)
 .debug_frame   0x000024c4       0x28 D:/arm-gnu-toolchain/bin/../lib/gcc/arm-none-eabi/14.2.1/thumb/v7-m/nofp\libg.a(libc_a-abort.o)
 .debug_frame   0x000024ec      0x13c D:/arm-gnu-toolchain/bin/../lib/gcc/arm-none-eabi/14.2.1/thumb/v7-m/nofp\libg.a(libc_a-findfp.o)
 .debug_frame   0x00002628       0x2c D:/arm-gnu-toolchain/bin/../lib/gcc/arm-none-eabi/14.2.1/thumb/v7-m/nofp\libg.a(libc_a-memset.o)
 .debug_frame   0x00002654      0x11c D:/arm-gnu-toolchain/bin/../lib/gcc/arm-none-eabi/14.2.1/thumb/v7-m/nofp\libg.a(libc_a-signal.o)
 .debug_frame   0x00002770       0x3c D:/arm-gnu-toolchain/bin/../lib/gcc/arm-none-eabi/14.2.1/thumb/v7-m/nofp\libg.a(libc_a-reent.o)
 .debug_frame   0x000027ac       0x3c D:/arm-gnu-toolchain/bin/../lib/gcc/arm-none-eabi/14.2.1/thumb/v7-m/nofp\libg.a(libc_a-signalr.o)
 .debug_frame   0x000027e8       0x20 D:/arm-gnu-toolchain/bin/../lib/gcc/arm-none-eabi/14.2.1/thumb/v7-m/nofp\libg.a(libc_a-errno.o)
 .debug_frame   0x00002808       0x2c D:/arm-gnu-toolchain/bin/../lib/gcc/arm-none-eabi/14.2.1/thumb/v7-m/nofp\libg.a(libc_a-init.o)
 .debug_frame   0x00002834       0xb0 D:/arm-gnu-toolchain/bin/../lib/gcc/arm-none-eabi/14.2.1/thumb/v7-m/nofp\libg.a(libc_a-lock.o)
 .debug_frame   0x000028e4       0x28 D:/arm-gnu-toolchain/bin/../lib/gcc/arm-none-eabi/14.2.1/thumb/v7-m/nofp\libg.a(libc_a-memcpy.o)
 .debug_frame   0x0000290c       0x5c D:/arm-gnu-toolchain/bin/../lib/gcc/arm-none-eabi/14.2.1/thumb/v7-m/nofp\libg.a(libc_a-__call_atexit.o)
 .debug_frame   0x00002968       0x20 D:/arm-gnu-toolchain/bin/../lib/gcc/arm-none-eabi/14.2.1/thumb/v7-m/nofp\libg.a(libc_a-atexit.o)
 .debug_frame   0x00002988       0x34 D:/arm-gnu-toolchain/bin/../lib/gcc/arm-none-eabi/14.2.1/thumb/v7-m/nofp\libg.a(libc_a-fini.o)
 .debug_frame   0x000029bc       0x34 D:/arm-gnu-toolchain/bin/../lib/gcc/arm-none-eabi/14.2.1/thumb/v7-m/nofp\libg.a(libc_a-__atexit.o)

.debug_loclists
                0x00000000     0x8e67
 .debug_loclists
                0x00000000       0x17 CMakeFiles/chassis_minihero.elf.dir/Core/Src/stm32f1xx_hal_msp.c.obj
 .debug_loclists
                0x00000017       0xb7 CMakeFiles/chassis_minihero.elf.dir/Core/Src/system_stm32f1xx.c.obj
 .debug_loclists
                0x000000ce       0xaf CMakeFiles/chassis_minihero.elf.dir/Core/Src/tim.c.obj
 .debug_loclists
                0x0000017d       0x5c CMakeFiles/chassis_minihero.elf.dir/Core/Src/usart.c.obj
 .debug_loclists
                0x000001d9       0xe1 CMakeFiles/chassis_minihero.elf.dir/Drivers/STM32F1xx_HAL_Driver/Src/stm32f1xx_hal.c.obj
 .debug_loclists
                0x000002ba      0x530 CMakeFiles/chassis_minihero.elf.dir/Drivers/STM32F1xx_HAL_Driver/Src/stm32f1xx_hal_cortex.c.obj
 .debug_loclists
                0x000007ea      0x562 CMakeFiles/chassis_minihero.elf.dir/Drivers/STM32F1xx_HAL_Driver/Src/stm32f1xx_hal_dma.c.obj
 .debug_loclists
                0x00000d4c      0x300 CMakeFiles/chassis_minihero.elf.dir/Drivers/STM32F1xx_HAL_Driver/Src/stm32f1xx_hal_gpio.c.obj
 .debug_loclists
                0x0000104c      0x42e CMakeFiles/chassis_minihero.elf.dir/Drivers/STM32F1xx_HAL_Driver/Src/stm32f1xx_hal_rcc.c.obj
 .debug_loclists
                0x0000147a     0x37f3 CMakeFiles/chassis_minihero.elf.dir/Drivers/STM32F1xx_HAL_Driver/Src/stm32f1xx_hal_tim.c.obj
 .debug_loclists
                0x00004c6d     0x13b3 CMakeFiles/chassis_minihero.elf.dir/Drivers/STM32F1xx_HAL_Driver/Src/stm32f1xx_hal_tim_ex.c.obj
 .debug_loclists
                0x00006020     0x2cdc CMakeFiles/chassis_minihero.elf.dir/Drivers/STM32F1xx_HAL_Driver/Src/stm32f1xx_hal_uart.c.obj
 .debug_loclists
                0x00008cfc      0x16b CMakeFiles/chassis_minihero.elf.dir/user/MCUDriver/Usart.cpp.obj

.debug_line_str
                0x00000000      0x24b
 .debug_line_str
                0x00000000      0x24b CMakeFiles/chassis_minihero.elf.dir/Core/Startup/startup_stm32f103c8tx.s.obj
                                 0xa3 (size before relaxing)
 .debug_line_str
                0x0000024b       0xc9 D:/arm-gnu-toolchain/bin/../lib/gcc/arm-none-eabi/14.2.1/thumb/v7-m/nofp\libgcc.a(libunwind.o)
 .debug_line_str
                0x0000024b       0xdf D:/arm-gnu-toolchain/bin/../lib/gcc/arm-none-eabi/14.2.1/thumb/v7-m/nofp\libg.a(libc_a-memcpy.o)
